main.c:151:5:main	40	static
main.c:237:6:SystemClock_Config	104	static
main.c:289:13:MX_I2C1_Init	8	static
main.c:323:13:MX_I2S3_Init	8	static
main.c:357:13:MX_SPI1_Init	8	static
main.c:395:13:MX_TIM4_Init	64	static
main.c:466:13:MX_USART2_UART_Init	8	static
main.c:499:13:MX_GPIO_Init	56	static
main.c:587:6:HAL_UART_RxCpltCallback	24	static
main.c:598:6:DeserializeConfiguration	88	static
main.c:648:6:WaveSetup	24	static
main.c:682:6:GenerateCossine	48	static
main.c:692:6:GenerateHigh	40	static
main.c:699:6:GenerateLow	32	static
main.c:706:6:GenerateRamp	40	static
main.c:714:6:GenerateSquare	40	static
main.c:724:6:GenerateParabola	48	static
main.c:739:6:Error_Handler	4	static,ignoring_inline_asm
