main.c:151:5:main	40	static
main.c:238:6:SystemClock_Config	104	static
main.c:290:13:MX_I2C1_Init	8	static
main.c:324:13:MX_I2S3_Init	8	static
main.c:358:13:MX_SPI1_Init	8	static
main.c:396:13:MX_TIM4_Init	64	static
main.c:467:13:MX_USART2_UART_Init	8	static
main.c:500:13:MX_GPIO_Init	56	static
main.c:588:6:HAL_UART_RxCpltCallback	24	static
main.c:602:6:DeserializeConfiguration	80	static
main.c:728:6:GenerateCossine	48	static
main.c:738:6:GenerateHigh	40	static
main.c:745:6:GenerateLow	32	static
main.c:752:6:GenerateRamp	40	static
main.c:760:6:GenerateSquare	40	static
main.c:770:6:GenerateParabola	48	static
main.c:785:6:Error_Handler	4	static,ignoring_inline_asm
