10:06:09 **** Incremental Build of configuration Debug for project STM32Bulb ****
make -j8 all 
arm-none-eabi-gcc "../Core/Src/main.c" -mcpu=cortex-m4 -std=gnu11 -g3 -DDEBUG -DUSE_HAL_DRIVER -DSTM32F407xx -c -I../USB_HOST/App -I../USB_HOST/Target -I../Core/Inc -I../Drivers/STM32F4xx_HAL_Driver/Inc -I../Drivers/STM32F4xx_HAL_Driver/Inc/Legacy -I../Middlewares/ST/STM32_USB_Host_Library/Core/Inc -I../Middlewares/ST/STM32_USB_Host_Library/Class/CDC/Inc -I../Drivers/CMSIS/Device/ST/STM32F4xx/Include -I../Drivers/CMSIS/Include -O0 -ffunction-sections -fdata-sections -Wall -fstack-usage -MMD -MP -MF"Core/Src/main.d" -MT"Core/Src/main.o" --specs=nano.specs -mfpu=fpv4-sp-d16 -mfloat-abi=hard -mthumb -o "Core/Src/main.o"
../Core/Src/main.c: In function 'main':
../Core/Src/main.c:139:7: warning: variable 'yellowPhase' set but not used [-Wunused-but-set-variable]
  139 |   int yellowPhase = 0;
      |       ^~~~~~~~~~~
../Core/Src/main.c:132:7: warning: variable 'greenPhase' set but not used [-Wunused-but-set-variable]
  132 |   int greenPhase = 0;
      |       ^~~~~~~~~~
../Core/Src/main.c:114:8: warning: unused variable 'commandString' [-Wunused-variable]
  114 |   char commandString[100] = "R S 2000";
      |        ^~~~~~~~~~~~~
../Core/Src/main.c: In function 'GenerateSquare':
../Core/Src/main.c:518:8: warning: unused variable 'theta' [-Wunused-variable]
  518 |  float theta;
      |        ^~~~~
arm-none-eabi-gcc -o "STM32Bulb.elf" @"objects.list"   -mcpu=cortex-m4 -T"C:\Users\gabri\OneDrive\Documentos\GitHub\DispositivoIOTSTM32ESP32\STM32Bulb\STM32F407VGTX_FLASH.ld" --specs=nosys.specs -Wl,-Map="STM32Bulb.map" -Wl,--gc-sections -static --specs=nano.specs -mfpu=fpv4-sp-d16 -mfloat-abi=hard -mthumb -Wl,--start-group -lc -lm -Wl,--end-group
Finished building target: STM32Bulb.elf
 
arm-none-eabi-objdump -h -S  STM32Bulb.elf  > "STM32Bulb.list"
arm-none-eabi-objcopy  -O binary  STM32Bulb.elf  "STM32Bulb.bin"
arm-none-eabi-size   STM32Bulb.elf 
   text	   data	    bss	    dec	    hex	filename
  40524	    152	   3672	  44348	   ad3c	STM32Bulb.elf
Finished building: default.size.stdout
 
Finished building: STM32Bulb.bin
 
Finished building: STM32Bulb.list
 
10:09:28 **** Incremental Build of configuration Debug for project STM32Bulb ****
make -j8 all 
arm-none-eabi-gcc "../Core/Src/main.c" -mcpu=cortex-m4 -std=gnu11 -g3 -DDEBUG -DUSE_HAL_DRIVER -DSTM32F407xx -c -I../USB_HOST/App -I../USB_HOST/Target -I../Core/Inc -I../Drivers/STM32F4xx_HAL_Driver/Inc -I../Drivers/STM32F4xx_HAL_Driver/Inc/Legacy -I../Middlewares/ST/STM32_USB_Host_Library/Core/Inc -I../Middlewares/ST/STM32_USB_Host_Library/Class/CDC/Inc -I../Drivers/CMSIS/Device/ST/STM32F4xx/Include -I../Drivers/CMSIS/Include -O0 -ffunction-sections -fdata-sections -Wall -fstack-usage -MMD -MP -MF"Core/Src/main.d" -MT"Core/Src/main.o" --specs=nano.specs -mfpu=fpv4-sp-d16 -mfloat-abi=hard -mthumb -o "Core/Src/main.o"
../Core/Src/main.c: In function 'main':
../Core/Src/main.c:139:7: warning: variable 'yellowPhase' set but not used [-Wunused-but-set-variable]
  139 |   int yellowPhase = 0;
      |       ^~~~~~~~~~~
../Core/Src/main.c:132:7: warning: variable 'greenPhase' set but not used [-Wunused-but-set-variable]
  132 |   int greenPhase = 0;
      |       ^~~~~~~~~~
../Core/Src/main.c:114:8: warning: unused variable 'commandString' [-Wunused-variable]
  114 |   char commandString[100] = "R S 2000";
      |        ^~~~~~~~~~~~~
arm-none-eabi-gcc -o "STM32Bulb.elf" @"objects.list"   -mcpu=cortex-m4 -T"C:\Users\gabri\OneDrive\Documentos\GitHub\DispositivoIOTSTM32ESP32\STM32Bulb\STM32F407VGTX_FLASH.ld" --specs=nosys.specs -Wl,-Map="STM32Bulb.map" -Wl,--gc-sections -static --specs=nano.specs -mfpu=fpv4-sp-d16 -mfloat-abi=hard -mthumb -Wl,--start-group -lc -lm -Wl,--end-group
Finished building target: STM32Bulb.elf
 
arm-none-eabi-objdump -h -S  STM32Bulb.elf  > "STM32Bulb.list"
arm-none-eabi-objcopy  -O binary  STM32Bulb.elf  "STM32Bulb.bin"
arm-none-eabi-size   STM32Bulb.elf 
   text	   data	    bss	    dec	    hex	filename
  40524	    152	   3672	  44348	   ad3c	STM32Bulb.elf
Finished building: default.size.stdout
 
Finished building: STM32Bulb.bin
 
Finished building: STM32Bulb.list
 
10:13:36 **** Incremental Build of configuration Debug for project STM32Bulb ****
make -j8 all 
arm-none-eabi-gcc "../Core/Src/main.c" -mcpu=cortex-m4 -std=gnu11 -g3 -DDEBUG -DUSE_HAL_DRIVER -DSTM32F407xx -c -I../USB_HOST/App -I../USB_HOST/Target -I../Core/Inc -I../Drivers/STM32F4xx_HAL_Driver/Inc -I../Drivers/STM32F4xx_HAL_Driver/Inc/Legacy -I../Middlewares/ST/STM32_USB_Host_Library/Core/Inc -I../Middlewares/ST/STM32_USB_Host_Library/Class/CDC/Inc -I../Drivers/CMSIS/Device/ST/STM32F4xx/Include -I../Drivers/CMSIS/Include -O0 -ffunction-sections -fdata-sections -Wall -fstack-usage -MMD -MP -MF"Core/Src/main.d" -MT"Core/Src/main.o" --specs=nano.specs -mfpu=fpv4-sp-d16 -mfloat-abi=hard -mthumb -o "Core/Src/main.o"
../Core/Src/main.c: In function 'main':
../Core/Src/main.c:114:8: warning: unused variable 'commandString' [-Wunused-variable]
  114 |   char commandString[100] = "R S 2000";
      |        ^~~~~~~~~~~~~
arm-none-eabi-gcc -o "STM32Bulb.elf" @"objects.list"   -mcpu=cortex-m4 -T"C:\Users\gabri\OneDrive\Documentos\GitHub\DispositivoIOTSTM32ESP32\STM32Bulb\STM32F407VGTX_FLASH.ld" --specs=nosys.specs -Wl,-Map="STM32Bulb.map" -Wl,--gc-sections -static --specs=nano.specs -mfpu=fpv4-sp-d16 -mfloat-abi=hard -mthumb -Wl,--start-group -lc -lm -Wl,--end-group
Finished building target: STM32Bulb.elf
 
arm-none-eabi-objdump -h -S  STM32Bulb.elf  > "STM32Bulb.list"
arm-none-eabi-objcopy  -O binary  STM32Bulb.elf  "STM32Bulb.bin"
arm-none-eabi-size   STM32Bulb.elf 
   text	   data	    bss	    dec	    hex	filename
  44804	    156	   3676	  48636	   bdfc	STM32Bulb.elf
Finished building: default.size.stdout
 
Finished building: STM32Bulb.bin
 
Finished building: STM32Bulb.list
 
10:17:31 **** Incremental Build of configuration Debug for project STM32Bulb ****
make -j8 all 
arm-none-eabi-gcc "../Core/Src/main.c" -mcpu=cortex-m4 -std=gnu11 -g3 -DDEBUG -DUSE_HAL_DRIVER -DSTM32F407xx -c -I../USB_HOST/App -I../USB_HOST/Target -I../Core/Inc -I../Drivers/STM32F4xx_HAL_Driver/Inc -I../Drivers/STM32F4xx_HAL_Driver/Inc/Legacy -I../Middlewares/ST/STM32_USB_Host_Library/Core/Inc -I../Middlewares/ST/STM32_USB_Host_Library/Class/CDC/Inc -I../Drivers/CMSIS/Device/ST/STM32F4xx/Include -I../Drivers/CMSIS/Include -O0 -ffunction-sections -fdata-sections -Wall -fstack-usage -MMD -MP -MF"Core/Src/main.d" -MT"Core/Src/main.o" --specs=nano.specs -mfpu=fpv4-sp-d16 -mfloat-abi=hard -mthumb -o "Core/Src/main.o"
../Core/Src/main.c: In function 'main':
../Core/Src/main.c:153:7: warning: variable 'redPhase' set but not used [-Wunused-but-set-variable]
  153 |   int redPhase = 0;
      |       ^~~~~~~~
../Core/Src/main.c:146:7: warning: variable 'bluePhase' set but not used [-Wunused-but-set-variable]
  146 |   int bluePhase = 0;
      |       ^~~~~~~~~
../Core/Src/main.c:139:7: warning: variable 'yellowPhase' set but not used [-Wunused-but-set-variable]
  139 |   int yellowPhase = 0;
      |       ^~~~~~~~~~~
../Core/Src/main.c:132:7: warning: variable 'greenPhase' set but not used [-Wunused-but-set-variable]
  132 |   int greenPhase = 0;
      |       ^~~~~~~~~~
../Core/Src/main.c:114:8: warning: unused variable 'commandString' [-Wunused-variable]
  114 |   char commandString[100] = "R S 2000";
      |        ^~~~~~~~~~~~~
arm-none-eabi-gcc -o "STM32Bulb.elf" @"objects.list"   -mcpu=cortex-m4 -T"C:\Users\gabri\OneDrive\Documentos\GitHub\DispositivoIOTSTM32ESP32\STM32Bulb\STM32F407VGTX_FLASH.ld" --specs=nosys.specs -Wl,-Map="STM32Bulb.map" -Wl,--gc-sections -static --specs=nano.specs -mfpu=fpv4-sp-d16 -mfloat-abi=hard -mthumb -Wl,--start-group -lc -lm -Wl,--end-group
Finished building target: STM32Bulb.elf
 
arm-none-eabi-objdump -h -S  STM32Bulb.elf  > "STM32Bulb.list"
arm-none-eabi-objcopy  -O binary  STM32Bulb.elf  "STM32Bulb.bin"
arm-none-eabi-size   STM32Bulb.elf 
   text	   data	    bss	    dec	    hex	filename
  44700	    156	   3676	  48532	   bd94	STM32Bulb.elf
Finished building: default.size.stdout
 
Finished building: STM32Bulb.bin
 
Finished building: STM32Bulb.list
 
10:18:06 **** Incremental Build of configuration Debug for project STM32Bulb ****
make -j8 all 
arm-none-eabi-gcc "../Core/Src/main.c" -mcpu=cortex-m4 -std=gnu11 -g3 -DDEBUG -DUSE_HAL_DRIVER -DSTM32F407xx -c -I../USB_HOST/App -I../USB_HOST/Target -I../Core/Inc -I../Drivers/STM32F4xx_HAL_Driver/Inc -I../Drivers/STM32F4xx_HAL_Driver/Inc/Legacy -I../Middlewares/ST/STM32_USB_Host_Library/Core/Inc -I../Middlewares/ST/STM32_USB_Host_Library/Class/CDC/Inc -I../Drivers/CMSIS/Device/ST/STM32F4xx/Include -I../Drivers/CMSIS/Include -O0 -ffunction-sections -fdata-sections -Wall -fstack-usage -MMD -MP -MF"Core/Src/main.d" -MT"Core/Src/main.o" --specs=nano.specs -mfpu=fpv4-sp-d16 -mfloat-abi=hard -mthumb -o "Core/Src/main.o"
../Core/Src/main.c: In function 'main':
../Core/Src/main.c:153:7: warning: variable 'redPhase' set but not used [-Wunused-but-set-variable]
  153 |   int redPhase = 0;
      |       ^~~~~~~~
../Core/Src/main.c:146:7: warning: variable 'bluePhase' set but not used [-Wunused-but-set-variable]
  146 |   int bluePhase = 0;
      |       ^~~~~~~~~
../Core/Src/main.c:139:7: warning: variable 'yellowPhase' set but not used [-Wunused-but-set-variable]
  139 |   int yellowPhase = 0;
      |       ^~~~~~~~~~~
../Core/Src/main.c:132:7: warning: variable 'greenPhase' set but not used [-Wunused-but-set-variable]
  132 |   int greenPhase = 0;
      |       ^~~~~~~~~~
../Core/Src/main.c:114:8: warning: unused variable 'commandString' [-Wunused-variable]
  114 |   char commandString[100] = "R S 2000";
      |        ^~~~~~~~~~~~~
arm-none-eabi-gcc -o "STM32Bulb.elf" @"objects.list"   -mcpu=cortex-m4 -T"C:\Users\gabri\OneDrive\Documentos\GitHub\DispositivoIOTSTM32ESP32\STM32Bulb\STM32F407VGTX_FLASH.ld" --specs=nosys.specs -Wl,-Map="STM32Bulb.map" -Wl,--gc-sections -static --specs=nano.specs -mfpu=fpv4-sp-d16 -mfloat-abi=hard -mthumb -Wl,--start-group -lc -lm -Wl,--end-group
Finished building target: STM32Bulb.elf
 
arm-none-eabi-objdump -h -S  STM32Bulb.elf  > "STM32Bulb.list"
arm-none-eabi-objcopy  -O binary  STM32Bulb.elf  "STM32Bulb.bin"
arm-none-eabi-size   STM32Bulb.elf 
   text	   data	    bss	    dec	    hex	filename
  44700	    156	   3676	  48532	   bd94	STM32Bulb.elf
Finished building: default.size.stdout
 
Finished building: STM32Bulb.bin
 
Finished building: STM32Bulb.list
 
10:18:54 **** Incremental Build of configuration Debug for project STM32Bulb ****
make -j8 all 
arm-none-eabi-gcc "../Core/Src/main.c" -mcpu=cortex-m4 -std=gnu11 -g3 -DDEBUG -DUSE_HAL_DRIVER -DSTM32F407xx -c -I../USB_HOST/App -I../USB_HOST/Target -I../Core/Inc -I../Drivers/STM32F4xx_HAL_Driver/Inc -I../Drivers/STM32F4xx_HAL_Driver/Inc/Legacy -I../Middlewares/ST/STM32_USB_Host_Library/Core/Inc -I../Middlewares/ST/STM32_USB_Host_Library/Class/CDC/Inc -I../Drivers/CMSIS/Device/ST/STM32F4xx/Include -I../Drivers/CMSIS/Include -O0 -ffunction-sections -fdata-sections -Wall -fstack-usage -MMD -MP -MF"Core/Src/main.d" -MT"Core/Src/main.o" --specs=nano.specs -mfpu=fpv4-sp-d16 -mfloat-abi=hard -mthumb -o "Core/Src/main.o"
../Core/Src/main.c: In function 'main':
../Core/Src/main.c:153:7: warning: variable 'redPhase' set but not used [-Wunused-but-set-variable]
  153 |   int redPhase = 0;
      |       ^~~~~~~~
../Core/Src/main.c:146:7: warning: variable 'bluePhase' set but not used [-Wunused-but-set-variable]
  146 |   int bluePhase = 0;
      |       ^~~~~~~~~
../Core/Src/main.c:139:7: warning: variable 'yellowPhase' set but not used [-Wunused-but-set-variable]
  139 |   int yellowPhase = 0;
      |       ^~~~~~~~~~~
../Core/Src/main.c:132:7: warning: variable 'greenPhase' set but not used [-Wunused-but-set-variable]
  132 |   int greenPhase = 0;
      |       ^~~~~~~~~~
../Core/Src/main.c:114:8: warning: unused variable 'commandString' [-Wunused-variable]
  114 |   char commandString[100] = "R S 2000";
      |        ^~~~~~~~~~~~~
arm-none-eabi-gcc -o "STM32Bulb.elf" @"objects.list"   -mcpu=cortex-m4 -T"C:\Users\gabri\OneDrive\Documentos\GitHub\DispositivoIOTSTM32ESP32\STM32Bulb\STM32F407VGTX_FLASH.ld" --specs=nosys.specs -Wl,-Map="STM32Bulb.map" -Wl,--gc-sections -static --specs=nano.specs -mfpu=fpv4-sp-d16 -mfloat-abi=hard -mthumb -Wl,--start-group -lc -lm -Wl,--end-group
Finished building target: STM32Bulb.elf
 
arm-none-eabi-objdump -h -S  STM32Bulb.elf  > "STM32Bulb.list"
arm-none-eabi-objcopy  -O binary  STM32Bulb.elf  "STM32Bulb.bin"
arm-none-eabi-size   STM32Bulb.elf 
   text	   data	    bss	    dec	    hex	filename
  44700	    156	   3676	  48532	   bd94	STM32Bulb.elf
Finished building: default.size.stdout
 
Finished building: STM32Bulb.bin
 
Finished building: STM32Bulb.list
 
10:22:17 **** Incremental Build of configuration Debug for project STM32Bulb ****
make -j8 all 
arm-none-eabi-gcc "../Core/Src/main.c" -mcpu=cortex-m4 -std=gnu11 -g3 -DDEBUG -DUSE_HAL_DRIVER -DSTM32F407xx -c -I../USB_HOST/App -I../USB_HOST/Target -I../Core/Inc -I../Drivers/STM32F4xx_HAL_Driver/Inc -I../Drivers/STM32F4xx_HAL_Driver/Inc/Legacy -I../Middlewares/ST/STM32_USB_Host_Library/Core/Inc -I../Middlewares/ST/STM32_USB_Host_Library/Class/CDC/Inc -I../Drivers/CMSIS/Device/ST/STM32F4xx/Include -I../Drivers/CMSIS/Include -O0 -ffunction-sections -fdata-sections -Wall -fstack-usage -MMD -MP -MF"Core/Src/main.d" -MT"Core/Src/main.o" --specs=nano.specs -mfpu=fpv4-sp-d16 -mfloat-abi=hard -mthumb -o "Core/Src/main.o"
../Core/Src/main.c: In function 'main':
../Core/Src/main.c:114:8: warning: unused variable 'commandString' [-Wunused-variable]
  114 |   char commandString[100] = "R S 2000";
      |        ^~~~~~~~~~~~~
arm-none-eabi-gcc -o "STM32Bulb.elf" @"objects.list"   -mcpu=cortex-m4 -T"C:\Users\gabri\OneDrive\Documentos\GitHub\DispositivoIOTSTM32ESP32\STM32Bulb\STM32F407VGTX_FLASH.ld" --specs=nosys.specs -Wl,-Map="STM32Bulb.map" -Wl,--gc-sections -static --specs=nano.specs -mfpu=fpv4-sp-d16 -mfloat-abi=hard -mthumb -Wl,--start-group -lc -lm -Wl,--end-group
Finished building target: STM32Bulb.elf
 
arm-none-eabi-objdump -h -S  STM32Bulb.elf  > "STM32Bulb.list"
arm-none-eabi-objcopy  -O binary  STM32Bulb.elf  "STM32Bulb.bin"
arm-none-eabi-size   STM32Bulb.elf 
   text	   data	    bss	    dec	    hex	filename
  44804	    156	   3676	  48636	   bdfc	STM32Bulb.elf
Finished building: default.size.stdout
 
Finished building: STM32Bulb.bin
 
Finished building: STM32Bulb.list
 
10:23:14 **** Incremental Build of configuration Debug for project STM32Bulb ****
make -j8 all 
arm-none-eabi-size   STM32Bulb.elf 
   text	   data	    bss	    dec	    hex	filename
  44804	    156	   3676	  48636	   bdfc	STM32Bulb.elf
Finished building: default.size.stdout
 
10:24:46 **** Incremental Build of configuration Debug for project STM32Bulb ****
make -j8 all 
arm-none-eabi-size   STM32Bulb.elf 
   text	   data	    bss	    dec	    hex	filename
  44804	    156	   3676	  48636	   bdfc	STM32Bulb.elf
Finished building: default.size.stdout
 
10:25:24 **** Incremental Build of configuration Debug for project STM32Bulb ****
make -j8 all 
arm-none-eabi-gcc "../Core/Src/main.c" -mcpu=cortex-m4 -std=gnu11 -g3 -DDEBUG -DUSE_HAL_DRIVER -DSTM32F407xx -c -I../USB_HOST/App -I../USB_HOST/Target -I../Core/Inc -I../Drivers/STM32F4xx_HAL_Driver/Inc -I../Drivers/STM32F4xx_HAL_Driver/Inc/Legacy -I../Middlewares/ST/STM32_USB_Host_Library/Core/Inc -I../Middlewares/ST/STM32_USB_Host_Library/Class/CDC/Inc -I../Drivers/CMSIS/Device/ST/STM32F4xx/Include -I../Drivers/CMSIS/Include -O0 -ffunction-sections -fdata-sections -Wall -fstack-usage -MMD -MP -MF"Core/Src/main.d" -MT"Core/Src/main.o" --specs=nano.specs -mfpu=fpv4-sp-d16 -mfloat-abi=hard -mthumb -o "Core/Src/main.o"
../Core/Src/main.c: In function 'main':
../Core/Src/main.c:114:8: warning: unused variable 'commandString' [-Wunused-variable]
  114 |   char commandString[100] = "R S 2000";
      |        ^~~~~~~~~~~~~
arm-none-eabi-gcc -o "STM32Bulb.elf" @"objects.list"   -mcpu=cortex-m4 -T"C:\Users\gabri\OneDrive\Documentos\GitHub\DispositivoIOTSTM32ESP32\STM32Bulb\STM32F407VGTX_FLASH.ld" --specs=nosys.specs -Wl,-Map="STM32Bulb.map" -Wl,--gc-sections -static --specs=nano.specs -mfpu=fpv4-sp-d16 -mfloat-abi=hard -mthumb -Wl,--start-group -lc -lm -Wl,--end-group
Finished building target: STM32Bulb.elf
 
arm-none-eabi-objdump -h -S  STM32Bulb.elf  > "STM32Bulb.list"
arm-none-eabi-objcopy  -O binary  STM32Bulb.elf  "STM32Bulb.bin"
arm-none-eabi-size   STM32Bulb.elf 
   text	   data	    bss	    dec	    hex	filename
  44804	    156	   3676	  48636	   bdfc	STM32Bulb.elf
Finished building: default.size.stdout
 
Finished building: STM32Bulb.bin
 
Finished building: STM32Bulb.list
 
10:26:42 **** Incremental Build of configuration Debug for project STM32Bulb ****
make -j8 all 
arm-none-eabi-size   STM32Bulb.elf 
   text	   data	    bss	    dec	    hex	filename
  44804	    156	   3676	  48636	   bdfc	STM32Bulb.elf
Finished building: default.size.stdout
 
10:27:43 **** Incremental Build of configuration Debug for project STM32Bulb ****
make -j8 all 
arm-none-eabi-size   STM32Bulb.elf 
   text	   data	    bss	    dec	    hex	filename
  44804	    156	   3676	  48636	   bdfc	STM32Bulb.elf
Finished building: default.size.stdout
 
10:29:04 **** Incremental Build of configuration Debug for project STM32Bulb ****
make -j8 all 
arm-none-eabi-size   STM32Bulb.elf 
   text	   data	    bss	    dec	    hex	filename
  44804	    156	   3676	  48636	   bdfc	STM32Bulb.elf
Finished building: default.size.stdout
 
10:32:55 **** Incremental Build of configuration Debug for project STM32Bulb ****
make -j8 all 
arm-none-eabi-gcc "../Core/Src/main.c" -mcpu=cortex-m4 -std=gnu11 -g3 -DDEBUG -DUSE_HAL_DRIVER -DSTM32F407xx -c -I../USB_HOST/App -I../USB_HOST/Target -I../Core/Inc -I../Drivers/STM32F4xx_HAL_Driver/Inc -I../Drivers/STM32F4xx_HAL_Driver/Inc/Legacy -I../Middlewares/ST/STM32_USB_Host_Library/Core/Inc -I../Middlewares/ST/STM32_USB_Host_Library/Class/CDC/Inc -I../Drivers/CMSIS/Device/ST/STM32F4xx/Include -I../Drivers/CMSIS/Include -O0 -ffunction-sections -fdata-sections -Wall -fstack-usage -MMD -MP -MF"Core/Src/main.d" -MT"Core/Src/main.o" --specs=nano.specs -mfpu=fpv4-sp-d16 -mfloat-abi=hard -mthumb -o "Core/Src/main.o"
../Core/Src/main.c: In function 'main':
../Core/Src/main.c:114:8: warning: unused variable 'commandString' [-Wunused-variable]
  114 |   char commandString[100] = "R S 2000";
      |        ^~~~~~~~~~~~~
arm-none-eabi-gcc -o "STM32Bulb.elf" @"objects.list"   -mcpu=cortex-m4 -T"C:\Users\gabri\OneDrive\Documentos\GitHub\DispositivoIOTSTM32ESP32\STM32Bulb\STM32F407VGTX_FLASH.ld" --specs=nosys.specs -Wl,-Map="STM32Bulb.map" -Wl,--gc-sections -static --specs=nano.specs -mfpu=fpv4-sp-d16 -mfloat-abi=hard -mthumb -Wl,--start-group -lc -lm -Wl,--end-group
Finished building target: STM32Bulb.elf
 
arm-none-eabi-objdump -h -S  STM32Bulb.elf  > "STM32Bulb.list"
arm-none-eabi-objcopy  -O binary  STM32Bulb.elf  "STM32Bulb.bin"
arm-none-eabi-size   STM32Bulb.elf 
   text	   data	    bss	    dec	    hex	filename
  44812	    156	   3676	  48644	   be04	STM32Bulb.elf
Finished building: default.size.stdout
 
Finished building: STM32Bulb.bin
 
Finished building: STM32Bulb.list
 
10:34:07 **** Incremental Build of configuration Debug for project STM32Bulb ****
make -j8 all 
arm-none-eabi-size   STM32Bulb.elf 
   text	   data	    bss	    dec	    hex	filename
  44812	    156	   3676	  48644	   be04	STM32Bulb.elf
Finished building: default.size.stdout
 
10:34:47 **** Incremental Build of configuration Debug for project STM32Bulb ****
make -j8 all 
arm-none-eabi-gcc "../Core/Src/main.c" -mcpu=cortex-m4 -std=gnu11 -g3 -DDEBUG -DUSE_HAL_DRIVER -DSTM32F407xx -c -I../USB_HOST/App -I../USB_HOST/Target -I../Core/Inc -I../Drivers/STM32F4xx_HAL_Driver/Inc -I../Drivers/STM32F4xx_HAL_Driver/Inc/Legacy -I../Middlewares/ST/STM32_USB_Host_Library/Core/Inc -I../Middlewares/ST/STM32_USB_Host_Library/Class/CDC/Inc -I../Drivers/CMSIS/Device/ST/STM32F4xx/Include -I../Drivers/CMSIS/Include -O0 -ffunction-sections -fdata-sections -Wall -fstack-usage -MMD -MP -MF"Core/Src/main.d" -MT"Core/Src/main.o" --specs=nano.specs -mfpu=fpv4-sp-d16 -mfloat-abi=hard -mthumb -o "Core/Src/main.o"
../Core/Src/main.c: In function 'main':
../Core/Src/main.c:114:8: warning: unused variable 'commandString' [-Wunused-variable]
  114 |   char commandString[100] = "R S 2000";
      |        ^~~~~~~~~~~~~
arm-none-eabi-gcc -o "STM32Bulb.elf" @"objects.list"   -mcpu=cortex-m4 -T"C:\Users\gabri\OneDrive\Documentos\GitHub\DispositivoIOTSTM32ESP32\STM32Bulb\STM32F407VGTX_FLASH.ld" --specs=nosys.specs -Wl,-Map="STM32Bulb.map" -Wl,--gc-sections -static --specs=nano.specs -mfpu=fpv4-sp-d16 -mfloat-abi=hard -mthumb -Wl,--start-group -lc -lm -Wl,--end-group
Finished building target: STM32Bulb.elf
 
arm-none-eabi-objdump -h -S  STM32Bulb.elf  > "STM32Bulb.list"
arm-none-eabi-objcopy  -O binary  STM32Bulb.elf  "STM32Bulb.bin"
arm-none-eabi-size   STM32Bulb.elf 
   text	   data	    bss	    dec	    hex	filename
  44820	    156	   3676	  48652	   be0c	STM32Bulb.elf
Finished building: default.size.stdout
 
Finished building: STM32Bulb.bin
 
Finished building: STM32Bulb.list
 
10:35:01 **** Incremental Build of configuration Debug for project STM32Bulb ****
make -j8 all 
arm-none-eabi-size   STM32Bulb.elf 
   text	   data	    bss	    dec	    hex	filename
  44820	    156	   3676	  48652	   be0c	STM32Bulb.elf
Finished building: default.size.stdout
 
10:43:45 **** Incremental Build of configuration Debug for project STM32Bulb ****
make -j8 all 
arm-none-eabi-gcc "../Core/Src/main.c" -mcpu=cortex-m4 -std=gnu11 -g3 -DDEBUG -DUSE_HAL_DRIVER -DSTM32F407xx -c -I../USB_HOST/App -I../USB_HOST/Target -I../Core/Inc -I../Drivers/STM32F4xx_HAL_Driver/Inc -I../Drivers/STM32F4xx_HAL_Driver/Inc/Legacy -I../Middlewares/ST/STM32_USB_Host_Library/Core/Inc -I../Middlewares/ST/STM32_USB_Host_Library/Class/CDC/Inc -I../Drivers/CMSIS/Device/ST/STM32F4xx/Include -I../Drivers/CMSIS/Include -O0 -ffunction-sections -fdata-sections -Wall -fstack-usage -MMD -MP -MF"Core/Src/main.d" -MT"Core/Src/main.o" --specs=nano.specs -mfpu=fpv4-sp-d16 -mfloat-abi=hard -mthumb -o "Core/Src/main.o"
../Core/Src/main.c: In function 'main':
../Core/Src/main.c:165:8: warning: unused variable 'configString' [-Wunused-variable]
  165 |   char configString[] = "Y-1000-0-C+O-1000-0-P+R-1000-0-R+B-1000-0-P";
      |        ^~~~~~~~~~~~
../Core/Src/main.c: In function 'DeserializeConfiguration':
../Core/Src/main.c:513:23: error: invalid initializer
  513 |  char configArray[] = strtok(configurationString, "+");
      |                       ^~~~~~
../Core/Src/main.c:513:7: warning: unused variable 'configArray' [-Wunused-variable]
  513 |  char configArray[] = strtok(configurationString, "+");
      |       ^~~~~~~~~~~
make: *** [Core/Src/subdir.mk:34: Core/Src/main.o] Error 1
"make -j8 all" terminated with exit code 2. Build might be incomplete.
10:47:15 **** Incremental Build of configuration Debug for project STM32Bulb ****
make -j8 all 
arm-none-eabi-gcc "../Core/Src/main.c" -mcpu=cortex-m4 -std=gnu11 -g3 -DDEBUG -DUSE_HAL_DRIVER -DSTM32F407xx -c -I../USB_HOST/App -I../USB_HOST/Target -I../Core/Inc -I../Drivers/STM32F4xx_HAL_Driver/Inc -I../Drivers/STM32F4xx_HAL_Driver/Inc/Legacy -I../Middlewares/ST/STM32_USB_Host_Library/Core/Inc -I../Middlewares/ST/STM32_USB_Host_Library/Class/CDC/Inc -I../Drivers/CMSIS/Device/ST/STM32F4xx/Include -I../Drivers/CMSIS/Include -O0 -ffunction-sections -fdata-sections -Wall -fstack-usage -MMD -MP -MF"Core/Src/main.d" -MT"Core/Src/main.o" --specs=nano.specs -mfpu=fpv4-sp-d16 -mfloat-abi=hard -mthumb -o "Core/Src/main.o"
../Core/Src/main.c: In function 'DeserializeConfiguration':
../Core/Src/main.c:513:23: error: invalid initializer
  513 |  char configArray[] = strtok(configurationString, "+");
      |                       ^~~~~~
../Core/Src/main.c:513:7: warning: unused variable 'configArray' [-Wunused-variable]
  513 |  char configArray[] = strtok(configurationString, "+");
      |       ^~~~~~~~~~~
make: *** [Core/Src/subdir.mk:34: Core/Src/main.o] Error 1
"make -j8 all" terminated with exit code 2. Build might be incomplete.
10:51:06 **** Incremental Build of configuration Debug for project STM32Bulb ****
make -j8 all 
arm-none-eabi-gcc "../Core/Src/main.c" -mcpu=cortex-m4 -std=gnu11 -g3 -DDEBUG -DUSE_HAL_DRIVER -DSTM32F407xx -c -I../USB_HOST/App -I../USB_HOST/Target -I../Core/Inc -I../Drivers/STM32F4xx_HAL_Driver/Inc -I../Drivers/STM32F4xx_HAL_Driver/Inc/Legacy -I../Middlewares/ST/STM32_USB_Host_Library/Core/Inc -I../Middlewares/ST/STM32_USB_Host_Library/Class/CDC/Inc -I../Drivers/CMSIS/Device/ST/STM32F4xx/Include -I../Drivers/CMSIS/Include -O0 -ffunction-sections -fdata-sections -Wall -fstack-usage -MMD -MP -MF"Core/Src/main.d" -MT"Core/Src/main.o" --specs=nano.specs -mfpu=fpv4-sp-d16 -mfloat-abi=hard -mthumb -o "Core/Src/main.o"
../Core/Src/main.c: In function 'DeserializeConfiguration':
../Core/Src/main.c:513:34: error: 'string' undeclared (first use in this function)
  513 |  char* ledConfiguration = strtok(string, "+");
      |                                  ^~~~~~
../Core/Src/main.c:513:34: note: each undeclared identifier is reported only once for each function it appears in
../Core/Src/main.c:517:6: warning: unused variable 'debug' [-Wunused-variable]
  517 |  int debug;
      |      ^~~~~
make: *** [Core/Src/subdir.mk:34: Core/Src/main.o] Error 1
"make -j8 all" terminated with exit code 2. Build might be incomplete.
10:51:26 **** Incremental Build of configuration Debug for project STM32Bulb ****
make -j8 all 
arm-none-eabi-gcc "../Core/Src/main.c" -mcpu=cortex-m4 -std=gnu11 -g3 -DDEBUG -DUSE_HAL_DRIVER -DSTM32F407xx -c -I../USB_HOST/App -I../USB_HOST/Target -I../Core/Inc -I../Drivers/STM32F4xx_HAL_Driver/Inc -I../Drivers/STM32F4xx_HAL_Driver/Inc/Legacy -I../Middlewares/ST/STM32_USB_Host_Library/Core/Inc -I../Middlewares/ST/STM32_USB_Host_Library/Class/CDC/Inc -I../Drivers/CMSIS/Device/ST/STM32F4xx/Include -I../Drivers/CMSIS/Include -O0 -ffunction-sections -fdata-sections -Wall -fstack-usage -MMD -MP -MF"Core/Src/main.d" -MT"Core/Src/main.o" --specs=nano.specs -mfpu=fpv4-sp-d16 -mfloat-abi=hard -mthumb -o "Core/Src/main.o"
../Core/Src/main.c: In function 'DeserializeConfiguration':
../Core/Src/main.c:517:6: warning: unused variable 'debug' [-Wunused-variable]
  517 |  int debug;
      |      ^~~~~
arm-none-eabi-gcc -o "STM32Bulb.elf" @"objects.list"   -mcpu=cortex-m4 -T"C:\Users\gabri\OneDrive\Documentos\GitHub\DispositivoIOTSTM32ESP32\STM32Bulb\STM32F407VGTX_FLASH.ld" --specs=nosys.specs -Wl,-Map="STM32Bulb.map" -Wl,--gc-sections -static --specs=nano.specs -mfpu=fpv4-sp-d16 -mfloat-abi=hard -mthumb -Wl,--start-group -lc -lm -Wl,--end-group
Finished building target: STM32Bulb.elf
 
arm-none-eabi-objdump -h -S  STM32Bulb.elf  > "STM32Bulb.list"
arm-none-eabi-objcopy  -O binary  STM32Bulb.elf  "STM32Bulb.bin"
arm-none-eabi-size   STM32Bulb.elf 
   text	   data	    bss	    dec	    hex	filename
  49340	    156	   3676	  53172	   cfb4	STM32Bulb.elf
Finished building: default.size.stdout
 
Finished building: STM32Bulb.bin
 
Finished building: STM32Bulb.list
 
10:52:00 **** Incremental Build of configuration Debug for project STM32Bulb ****
make -j8 all 
arm-none-eabi-size   STM32Bulb.elf 
   text	   data	    bss	    dec	    hex	filename
  49340	    156	   3676	  53172	   cfb4	STM32Bulb.elf
Finished building: default.size.stdout
 
10:55:29 **** Incremental Build of configuration Debug for project STM32Bulb ****
make -j8 all 
arm-none-eabi-gcc "../Core/Src/main.c" -mcpu=cortex-m4 -std=gnu11 -g3 -DDEBUG -DUSE_HAL_DRIVER -DSTM32F407xx -c -I../USB_HOST/App -I../USB_HOST/Target -I../Core/Inc -I../Drivers/STM32F4xx_HAL_Driver/Inc -I../Drivers/STM32F4xx_HAL_Driver/Inc/Legacy -I../Middlewares/ST/STM32_USB_Host_Library/Core/Inc -I../Middlewares/ST/STM32_USB_Host_Library/Class/CDC/Inc -I../Drivers/CMSIS/Device/ST/STM32F4xx/Include -I../Drivers/CMSIS/Include -O0 -ffunction-sections -fdata-sections -Wall -fstack-usage -MMD -MP -MF"Core/Src/main.d" -MT"Core/Src/main.o" --specs=nano.specs -mfpu=fpv4-sp-d16 -mfloat-abi=hard -mthumb -o "Core/Src/main.o"
../Core/Src/main.c: In function 'DeserializeConfiguration':
../Core/Src/main.c:521:6: warning: unused variable 'debug' [-Wunused-variable]
  521 |  int debug;
      |      ^~~~~
arm-none-eabi-gcc -o "STM32Bulb.elf" @"objects.list"   -mcpu=cortex-m4 -T"C:\Users\gabri\OneDrive\Documentos\GitHub\DispositivoIOTSTM32ESP32\STM32Bulb\STM32F407VGTX_FLASH.ld" --specs=nosys.specs -Wl,-Map="STM32Bulb.map" -Wl,--gc-sections -static --specs=nano.specs -mfpu=fpv4-sp-d16 -mfloat-abi=hard -mthumb -Wl,--start-group -lc -lm -Wl,--end-group
Finished building target: STM32Bulb.elf
 
arm-none-eabi-objdump -h -S  STM32Bulb.elf  > "STM32Bulb.list"
arm-none-eabi-objcopy  -O binary  STM32Bulb.elf  "STM32Bulb.bin"
arm-none-eabi-size   STM32Bulb.elf 
   text	   data	    bss	    dec	    hex	filename
  49380	    156	   3676	  53212	   cfdc	STM32Bulb.elf
Finished building: default.size.stdout
 
Finished building: STM32Bulb.bin
 
Finished building: STM32Bulb.list
 
10:56:28 **** Incremental Build of configuration Debug for project STM32Bulb ****
make -j8 all 
arm-none-eabi-size   STM32Bulb.elf 
   text	   data	    bss	    dec	    hex	filename
  49380	    156	   3676	  53212	   cfdc	STM32Bulb.elf
Finished building: default.size.stdout
 
10:58:38 **** Incremental Build of configuration Debug for project STM32Bulb ****
make -j8 all 
arm-none-eabi-gcc "../Core/Src/main.c" -mcpu=cortex-m4 -std=gnu11 -g3 -DDEBUG -DUSE_HAL_DRIVER -DSTM32F407xx -c -I../USB_HOST/App -I../USB_HOST/Target -I../Core/Inc -I../Drivers/STM32F4xx_HAL_Driver/Inc -I../Drivers/STM32F4xx_HAL_Driver/Inc/Legacy -I../Middlewares/ST/STM32_USB_Host_Library/Core/Inc -I../Middlewares/ST/STM32_USB_Host_Library/Class/CDC/Inc -I../Drivers/CMSIS/Device/ST/STM32F4xx/Include -I../Drivers/CMSIS/Include -O0 -ffunction-sections -fdata-sections -Wall -fstack-usage -MMD -MP -MF"Core/Src/main.d" -MT"Core/Src/main.o" --specs=nano.specs -mfpu=fpv4-sp-d16 -mfloat-abi=hard -mthumb -o "Core/Src/main.o"
../Core/Src/main.c: In function 'DeserializeConfiguration':
../Core/Src/main.c:517:6: warning: unused variable 'debug' [-Wunused-variable]
  517 |  int debug;
      |      ^~~~~
arm-none-eabi-gcc -o "STM32Bulb.elf" @"objects.list"   -mcpu=cortex-m4 -T"C:\Users\gabri\OneDrive\Documentos\GitHub\DispositivoIOTSTM32ESP32\STM32Bulb\STM32F407VGTX_FLASH.ld" --specs=nosys.specs -Wl,-Map="STM32Bulb.map" -Wl,--gc-sections -static --specs=nano.specs -mfpu=fpv4-sp-d16 -mfloat-abi=hard -mthumb -Wl,--start-group -lc -lm -Wl,--end-group
Finished building target: STM32Bulb.elf
 
arm-none-eabi-objdump -h -S  STM32Bulb.elf  > "STM32Bulb.list"
arm-none-eabi-objcopy  -O binary  STM32Bulb.elf  "STM32Bulb.bin"
arm-none-eabi-size   STM32Bulb.elf 
   text	   data	    bss	    dec	    hex	filename
  49340	    156	   3676	  53172	   cfb4	STM32Bulb.elf
Finished building: default.size.stdout
 
Finished building: STM32Bulb.bin
 
Finished building: STM32Bulb.list
 
11:01:11 **** Incremental Build of configuration Debug for project STM32Bulb ****
make -j8 all 
arm-none-eabi-size   STM32Bulb.elf 
   text	   data	    bss	    dec	    hex	filename
  49340	    156	   3676	  53172	   cfb4	STM32Bulb.elf
Finished building: default.size.stdout
 
11:02:37 **** Incremental Build of configuration Debug for project STM32Bulb ****
make -j8 all 
arm-none-eabi-size   STM32Bulb.elf 
   text	   data	    bss	    dec	    hex	filename
  49340	    156	   3676	  53172	   cfb4	STM32Bulb.elf
Finished building: default.size.stdout
 
11:04:39 **** Incremental Build of configuration Debug for project STM32Bulb ****
make -j8 all 
arm-none-eabi-size   STM32Bulb.elf 
   text	   data	    bss	    dec	    hex	filename
  49340	    156	   3676	  53172	   cfb4	STM32Bulb.elf
Finished building: default.size.stdout
 
11:29:14 **** Build of configuration Debug for project STM32Bulb ****
make -j8 all 
arm-none-eabi-size   STM32Bulb.elf 
   text	   data	    bss	    dec	    hex	filename
  49340	    156	   3676	  53172	   cfb4	STM32Bulb.elf
Finished building: default.size.stdout
 
11:33:19 **** Incremental Build of configuration Debug for project STM32Bulb ****
make -j8 all 
arm-none-eabi-gcc "../Core/Src/main.c" -mcpu=cortex-m4 -std=gnu11 -g3 -DDEBUG -DUSE_HAL_DRIVER -DSTM32F407xx -c -I../USB_HOST/App -I../USB_HOST/Target -I../Core/Inc -I../Drivers/STM32F4xx_HAL_Driver/Inc -I../Drivers/STM32F4xx_HAL_Driver/Inc/Legacy -I../Middlewares/ST/STM32_USB_Host_Library/Core/Inc -I../Middlewares/ST/STM32_USB_Host_Library/Class/CDC/Inc -I../Drivers/CMSIS/Device/ST/STM32F4xx/Include -I../Drivers/CMSIS/Include -O0 -ffunction-sections -fdata-sections -Wall -fstack-usage -MMD -MP -MF"Core/Src/main.d" -MT"Core/Src/main.o" --specs=nano.specs -mfpu=fpv4-sp-d16 -mfloat-abi=hard -mthumb -o "Core/Src/main.o"
../Core/Src/main.c: In function 'DeserializeConfiguration':
../Core/Src/main.c:519:6: warning: unused variable 'debug' [-Wunused-variable]
  519 |  int debug;
      |      ^~~~~
../Core/Src/main.c:514:8: warning: variable 'ledConfiguration' set but not used [-Wunused-but-set-variable]
  514 |  char* ledConfiguration[4];
      |        ^~~~~~~~~~~~~~~~
arm-none-eabi-gcc -o "STM32Bulb.elf" @"objects.list"   -mcpu=cortex-m4 -T"C:\Users\gabri\OneDrive\Documentos\GitHub\DispositivoIOTSTM32ESP32\STM32Bulb\STM32F407VGTX_FLASH.ld" --specs=nosys.specs -Wl,-Map="STM32Bulb.map" -Wl,--gc-sections -static --specs=nano.specs -mfpu=fpv4-sp-d16 -mfloat-abi=hard -mthumb -Wl,--start-group -lc -lm -Wl,--end-group
Finished building target: STM32Bulb.elf
 
arm-none-eabi-objdump -h -S  STM32Bulb.elf  > "STM32Bulb.list"
arm-none-eabi-objcopy  -O binary  STM32Bulb.elf  "STM32Bulb.bin"
arm-none-eabi-size   STM32Bulb.elf 
   text	   data	    bss	    dec	    hex	filename
  49364	    156	   3676	  53196	   cfcc	STM32Bulb.elf
Finished building: default.size.stdout
 
Finished building: STM32Bulb.bin
 
Finished building: STM32Bulb.list
 
11:34:41 **** Incremental Build of configuration Debug for project STM32Bulb ****
make -j8 all 
arm-none-eabi-gcc "../Core/Src/main.c" -mcpu=cortex-m4 -std=gnu11 -g3 -DDEBUG -DUSE_HAL_DRIVER -DSTM32F407xx -c -I../USB_HOST/App -I../USB_HOST/Target -I../Core/Inc -I../Drivers/STM32F4xx_HAL_Driver/Inc -I../Drivers/STM32F4xx_HAL_Driver/Inc/Legacy -I../Middlewares/ST/STM32_USB_Host_Library/Core/Inc -I../Middlewares/ST/STM32_USB_Host_Library/Class/CDC/Inc -I../Drivers/CMSIS/Device/ST/STM32F4xx/Include -I../Drivers/CMSIS/Include -O0 -ffunction-sections -fdata-sections -Wall -fstack-usage -MMD -MP -MF"Core/Src/main.d" -MT"Core/Src/main.o" --specs=nano.specs -mfpu=fpv4-sp-d16 -mfloat-abi=hard -mthumb -o "Core/Src/main.o"
../Core/Src/main.c: In function 'DeserializeConfiguration':
../Core/Src/main.c:520:6: warning: unused variable 'debug' [-Wunused-variable]
  520 |  int debug;
      |      ^~~~~
../Core/Src/main.c:514:8: warning: variable 'ledConfiguration' set but not used [-Wunused-but-set-variable]
  514 |  char* ledConfiguration[4];
      |        ^~~~~~~~~~~~~~~~
arm-none-eabi-gcc -o "STM32Bulb.elf" @"objects.list"   -mcpu=cortex-m4 -T"C:\Users\gabri\OneDrive\Documentos\GitHub\DispositivoIOTSTM32ESP32\STM32Bulb\STM32F407VGTX_FLASH.ld" --specs=nosys.specs -Wl,-Map="STM32Bulb.map" -Wl,--gc-sections -static --specs=nano.specs -mfpu=fpv4-sp-d16 -mfloat-abi=hard -mthumb -Wl,--start-group -lc -lm -Wl,--end-group
Finished building target: STM32Bulb.elf
 
arm-none-eabi-objdump -h -S  STM32Bulb.elf  > "STM32Bulb.list"
arm-none-eabi-objcopy  -O binary  STM32Bulb.elf  "STM32Bulb.bin"
arm-none-eabi-size   STM32Bulb.elf 
   text	   data	    bss	    dec	    hex	filename
  49372	    156	   3676	  53204	   cfd4	STM32Bulb.elf
Finished building: default.size.stdout
 
Finished building: STM32Bulb.bin
 
Finished building: STM32Bulb.list
 
11:36:09 **** Incremental Build of configuration Debug for project STM32Bulb ****
make -j8 all 
arm-none-eabi-gcc "../Core/Src/main.c" -mcpu=cortex-m4 -std=gnu11 -g3 -DDEBUG -DUSE_HAL_DRIVER -DSTM32F407xx -c -I../USB_HOST/App -I../USB_HOST/Target -I../Core/Inc -I../Drivers/STM32F4xx_HAL_Driver/Inc -I../Drivers/STM32F4xx_HAL_Driver/Inc/Legacy -I../Middlewares/ST/STM32_USB_Host_Library/Core/Inc -I../Middlewares/ST/STM32_USB_Host_Library/Class/CDC/Inc -I../Drivers/CMSIS/Device/ST/STM32F4xx/Include -I../Drivers/CMSIS/Include -O0 -ffunction-sections -fdata-sections -Wall -fstack-usage -MMD -MP -MF"Core/Src/main.d" -MT"Core/Src/main.o" --specs=nano.specs -mfpu=fpv4-sp-d16 -mfloat-abi=hard -mthumb -o "Core/Src/main.o"
../Core/Src/main.c: In function 'DeserializeConfiguration':
../Core/Src/main.c:514:8: warning: variable 'ledConfiguration' set but not used [-Wunused-but-set-variable]
  514 |  char* ledConfiguration[4];
      |        ^~~~~~~~~~~~~~~~
arm-none-eabi-gcc -o "STM32Bulb.elf" @"objects.list"   -mcpu=cortex-m4 -T"C:\Users\gabri\OneDrive\Documentos\GitHub\DispositivoIOTSTM32ESP32\STM32Bulb\STM32F407VGTX_FLASH.ld" --specs=nosys.specs -Wl,-Map="STM32Bulb.map" -Wl,--gc-sections -static --specs=nano.specs -mfpu=fpv4-sp-d16 -mfloat-abi=hard -mthumb -Wl,--start-group -lc -lm -Wl,--end-group
Finished building target: STM32Bulb.elf
 
arm-none-eabi-objdump -h -S  STM32Bulb.elf  > "STM32Bulb.list"
arm-none-eabi-objcopy  -O binary  STM32Bulb.elf  "STM32Bulb.bin"
arm-none-eabi-size   STM32Bulb.elf 
   text	   data	    bss	    dec	    hex	filename
  49372	    156	   3676	  53204	   cfd4	STM32Bulb.elf
Finished building: default.size.stdout
 
Finished building: STM32Bulb.bin
 
Finished building: STM32Bulb.list
 
11:43:36 **** Incremental Build of configuration Debug for project STM32Bulb ****
make -j8 all 
arm-none-eabi-gcc "../Core/Src/main.c" -mcpu=cortex-m4 -std=gnu11 -g3 -DDEBUG -DUSE_HAL_DRIVER -DSTM32F407xx -c -I../USB_HOST/App -I../USB_HOST/Target -I../Core/Inc -I../Drivers/STM32F4xx_HAL_Driver/Inc -I../Drivers/STM32F4xx_HAL_Driver/Inc/Legacy -I../Middlewares/ST/STM32_USB_Host_Library/Core/Inc -I../Middlewares/ST/STM32_USB_Host_Library/Class/CDC/Inc -I../Drivers/CMSIS/Device/ST/STM32F4xx/Include -I../Drivers/CMSIS/Include -O0 -ffunction-sections -fdata-sections -Wall -fstack-usage -MMD -MP -MF"Core/Src/main.d" -MT"Core/Src/main.o" --specs=nano.specs -mfpu=fpv4-sp-d16 -mfloat-abi=hard -mthumb -o "Core/Src/main.o"
../Core/Src/main.c: In function 'DeserializeConfiguration':
../Core/Src/main.c:514:8: warning: variable 'configurationParameters' set but not used [-Wunused-but-set-variable]
  514 |  char* configurationParameters[4];
      |        ^~~~~~~~~~~~~~~~~~~~~~~
../Core/Src/main.c:513:8: warning: variable 'ledConfiguration' set but not used [-Wunused-but-set-variable]
  513 |  char* ledConfiguration[4];
      |        ^~~~~~~~~~~~~~~~
arm-none-eabi-gcc -o "STM32Bulb.elf" @"objects.list"   -mcpu=cortex-m4 -T"C:\Users\gabri\OneDrive\Documentos\GitHub\DispositivoIOTSTM32ESP32\STM32Bulb\STM32F407VGTX_FLASH.ld" --specs=nosys.specs -Wl,-Map="STM32Bulb.map" -Wl,--gc-sections -static --specs=nano.specs -mfpu=fpv4-sp-d16 -mfloat-abi=hard -mthumb -Wl,--start-group -lc -lm -Wl,--end-group
Finished building target: STM32Bulb.elf
 
arm-none-eabi-objdump -h -S  STM32Bulb.elf  > "STM32Bulb.list"
arm-none-eabi-objcopy  -O binary  STM32Bulb.elf  "STM32Bulb.bin"
arm-none-eabi-size   STM32Bulb.elf 
   text	   data	    bss	    dec	    hex	filename
  49468	    156	   3676	  53300	   d034	STM32Bulb.elf
Finished building: default.size.stdout
 
Finished building: STM32Bulb.bin
 
Finished building: STM32Bulb.list
 
11:46:36 **** Incremental Build of configuration Debug for project STM32Bulb ****
make -j8 all 
arm-none-eabi-gcc "../Core/Src/main.c" -mcpu=cortex-m4 -std=gnu11 -g3 -DDEBUG -DUSE_HAL_DRIVER -DSTM32F407xx -c -I../USB_HOST/App -I../USB_HOST/Target -I../Core/Inc -I../Drivers/STM32F4xx_HAL_Driver/Inc -I../Drivers/STM32F4xx_HAL_Driver/Inc/Legacy -I../Middlewares/ST/STM32_USB_Host_Library/Core/Inc -I../Middlewares/ST/STM32_USB_Host_Library/Class/CDC/Inc -I../Drivers/CMSIS/Device/ST/STM32F4xx/Include -I../Drivers/CMSIS/Include -O0 -ffunction-sections -fdata-sections -Wall -fstack-usage -MMD -MP -MF"Core/Src/main.d" -MT"Core/Src/main.o" --specs=nano.specs -mfpu=fpv4-sp-d16 -mfloat-abi=hard -mthumb -o "Core/Src/main.o"
../Core/Src/main.c: In function 'DeserializeConfiguration':
../Core/Src/main.c:514:8: warning: variable 'configurationParameters' set but not used [-Wunused-but-set-variable]
  514 |  char* configurationParameters[4];
      |        ^~~~~~~~~~~~~~~~~~~~~~~
../Core/Src/main.c:513:8: warning: variable 'ledConfiguration' set but not used [-Wunused-but-set-variable]
  513 |  char* ledConfiguration[4];
      |        ^~~~~~~~~~~~~~~~
arm-none-eabi-gcc -o "STM32Bulb.elf" @"objects.list"   -mcpu=cortex-m4 -T"C:\Users\gabri\OneDrive\Documentos\GitHub\DispositivoIOTSTM32ESP32\STM32Bulb\STM32F407VGTX_FLASH.ld" --specs=nosys.specs -Wl,-Map="STM32Bulb.map" -Wl,--gc-sections -static --specs=nano.specs -mfpu=fpv4-sp-d16 -mfloat-abi=hard -mthumb -Wl,--start-group -lc -lm -Wl,--end-group
Finished building target: STM32Bulb.elf
 
arm-none-eabi-objdump -h -S  STM32Bulb.elf  > "STM32Bulb.list"
arm-none-eabi-objcopy  -O binary  STM32Bulb.elf  "STM32Bulb.bin"
arm-none-eabi-size   STM32Bulb.elf 
   text	   data	    bss	    dec	    hex	filename
  49468	    156	   3676	  53300	   d034	STM32Bulb.elf
Finished building: default.size.stdout
 
Finished building: STM32Bulb.bin
 
Finished building: STM32Bulb.list
 
11:48:11 **** Incremental Build of configuration Debug for project STM32Bulb ****
make -j8 all 
arm-none-eabi-gcc "../Core/Src/main.c" -mcpu=cortex-m4 -std=gnu11 -g3 -DDEBUG -DUSE_HAL_DRIVER -DSTM32F407xx -c -I../USB_HOST/App -I../USB_HOST/Target -I../Core/Inc -I../Drivers/STM32F4xx_HAL_Driver/Inc -I../Drivers/STM32F4xx_HAL_Driver/Inc/Legacy -I../Middlewares/ST/STM32_USB_Host_Library/Core/Inc -I../Middlewares/ST/STM32_USB_Host_Library/Class/CDC/Inc -I../Drivers/CMSIS/Device/ST/STM32F4xx/Include -I../Drivers/CMSIS/Include -O0 -ffunction-sections -fdata-sections -Wall -fstack-usage -MMD -MP -MF"Core/Src/main.d" -MT"Core/Src/main.o" --specs=nano.specs -mfpu=fpv4-sp-d16 -mfloat-abi=hard -mthumb -o "Core/Src/main.o"
../Core/Src/main.c: In function 'DeserializeConfiguration':
../Core/Src/main.c:514:8: warning: variable 'configurationParameters' set but not used [-Wunused-but-set-variable]
  514 |  char* configurationParameters[4];
      |        ^~~~~~~~~~~~~~~~~~~~~~~
arm-none-eabi-gcc -o "STM32Bulb.elf" @"objects.list"   -mcpu=cortex-m4 -T"C:\Users\gabri\OneDrive\Documentos\GitHub\DispositivoIOTSTM32ESP32\STM32Bulb\STM32F407VGTX_FLASH.ld" --specs=nosys.specs -Wl,-Map="STM32Bulb.map" -Wl,--gc-sections -static --specs=nano.specs -mfpu=fpv4-sp-d16 -mfloat-abi=hard -mthumb -Wl,--start-group -lc -lm -Wl,--end-group
Finished building target: STM32Bulb.elf
 
arm-none-eabi-objdump -h -S  STM32Bulb.elf  > "STM32Bulb.list"
arm-none-eabi-objcopy  -O binary  STM32Bulb.elf  "STM32Bulb.bin"
arm-none-eabi-size   STM32Bulb.elf 
   text	   data	    bss	    dec	    hex	filename
  49484	    156	   3676	  53316	   d044	STM32Bulb.elf
Finished building: default.size.stdout
 
Finished building: STM32Bulb.bin
 
Finished building: STM32Bulb.list
 
12:17:44 **** Incremental Build of configuration Debug for project STM32Bulb ****
make -j8 all 
arm-none-eabi-gcc "../Core/Src/main.c" -mcpu=cortex-m4 -std=gnu11 -g3 -DDEBUG -DUSE_HAL_DRIVER -DSTM32F407xx -c -I../USB_HOST/App -I../USB_HOST/Target -I../Core/Inc -I../Drivers/STM32F4xx_HAL_Driver/Inc -I../Drivers/STM32F4xx_HAL_Driver/Inc/Legacy -I../Middlewares/ST/STM32_USB_Host_Library/Core/Inc -I../Middlewares/ST/STM32_USB_Host_Library/Class/CDC/Inc -I../Drivers/CMSIS/Device/ST/STM32F4xx/Include -I../Drivers/CMSIS/Include -O0 -ffunction-sections -fdata-sections -Wall -fstack-usage -MMD -MP -MF"Core/Src/main.d" -MT"Core/Src/main.o" --specs=nano.specs -mfpu=fpv4-sp-d16 -mfloat-abi=hard -mthumb -o "Core/Src/main.o"
../Core/Src/main.c:513:16: warning: 'struct LEDBehavior' declared inside parameter list will not be visible outside of this definition or declaration
  513 |         struct LEDBehavior yellow,
      |                ^~~~~~~~~~~
../Core/Src/main.c:513:28: error: parameter 2 ('yellow') has incomplete type
  513 |         struct LEDBehavior yellow,
      |         ~~~~~~~~~~~~~~~~~~~^~~~~~
../Core/Src/main.c:514:28: error: parameter 3 ('orange') has incomplete type
  514 |         struct LEDBehavior orange,
      |         ~~~~~~~~~~~~~~~~~~~^~~~~~
../Core/Src/main.c:515:28: error: parameter 4 ('red') has incomplete type
  515 |         struct LEDBehavior red,
      |         ~~~~~~~~~~~~~~~~~~~^~~
../Core/Src/main.c:516:28: error: parameter 5 ('blue') has incomplete type
  516 |         struct LEDBehavior blue){
      |         ~~~~~~~~~~~~~~~~~~~^~~~
../Core/Src/main.c: In function 'DeserializeConfiguration':
../Core/Src/main.c:538:34: warning: comparison between pointer and integer
  538 |   if (configurationParameters[0] == 'Y'){
      |                                  ^~
../Core/Src/main.c:542:35: warning: comparison between pointer and integer
  542 |    if (configurationParameters[4] == 'C'){
      |                                   ^~
../Core/Src/main.c:543:58: warning: passing argument 2 of 'GenerateCossine' makes integer from pointer without a cast [-Wint-conversion]
  543 |     GenerateCossine(yellow.shape, configurationParameters[1], (65535/512), configurationParameters[2]);
      |                                   ~~~~~~~~~~~~~~~~~~~~~~~^~~
      |                                                          |
      |                                                          char *
../Core/Src/main.c:78:39: note: expected 'int' but argument is of type 'char *'
   78 | void GenerateCossine(int *senoid, int samples, int maximum, int delay);
      |                                   ~~~~^~~~~~~
../Core/Src/main.c:543:99: warning: passing argument 4 of 'GenerateCossine' makes integer from pointer without a cast [-Wint-conversion]
  543 |     GenerateCossine(yellow.shape, configurationParameters[1], (65535/512), configurationParameters[2]);
      |                                                                            ~~~~~~~~~~~~~~~~~~~~~~~^~~
      |                                                                                                   |
      |                                                                                                   char *
../Core/Src/main.c:78:65: note: expected 'int' but argument is of type 'char *'
   78 | void GenerateCossine(int *senoid, int samples, int maximum, int delay);
      |                                                             ~~~~^~~~~
../Core/Src/main.c:545:40: warning: comparison between pointer and integer
  545 |    else if (configurationParameters[4] == 'P'){
      |                                        ^~
../Core/Src/main.c:546:59: warning: passing argument 2 of 'GenerateParabola' makes integer from pointer without a cast [-Wint-conversion]
  546 |     GenerateParabola(yellow.shape, configurationParameters[1], (65535/512), configurationParameters[2]);
      |                                    ~~~~~~~~~~~~~~~~~~~~~~~^~~
      |                                                           |
      |                                                           char *
../Core/Src/main.c:80:40: note: expected 'int' but argument is of type 'char *'
   80 | void GenerateParabola(int *square, int samples, int maximum, int delay);
      |                                    ~~~~^~~~~~~
../Core/Src/main.c:546:100: warning: passing argument 4 of 'GenerateParabola' makes integer from pointer without a cast [-Wint-conversion]
  546 |     GenerateParabola(yellow.shape, configurationParameters[1], (65535/512), configurationParameters[2]);
      |                                                                             ~~~~~~~~~~~~~~~~~~~~~~~^~~
      |                                                                                                    |
      |                                                                                                    char *
../Core/Src/main.c:80:66: note: expected 'int' but argument is of type 'char *'
   80 | void GenerateParabola(int *square, int samples, int maximum, int delay);
      |                                                              ~~~~^~~~~
../Core/Src/main.c:548:40: warning: comparison between pointer and integer
  548 |    else if (configurationParameters[4] == 'R'){
      |                                        ^~
../Core/Src/main.c:549:55: warning: passing argument 2 of 'GenerateRamp' makes integer from pointer without a cast [-Wint-conversion]
  549 |     GenerateRamp(yellow.shape, configurationParameters[1], (65535/512), configurationParameters[2]);
      |                                ~~~~~~~~~~~~~~~~~~~~~~~^~~
      |                                                       |
      |                                                       char *
../Core/Src/main.c:77:34: note: expected 'int' but argument is of type 'char *'
   77 | void GenerateRamp(int *ramp, int samples, int maximum, int delay);
      |                              ~~~~^~~~~~~
../Core/Src/main.c:549:96: warning: passing argument 4 of 'GenerateRamp' makes integer from pointer without a cast [-Wint-conversion]
  549 |     GenerateRamp(yellow.shape, configurationParameters[1], (65535/512), configurationParameters[2]);
      |                                                                         ~~~~~~~~~~~~~~~~~~~~~~~^~~
      |                                                                                                |
      |                                                                                                char *
../Core/Src/main.c:77:60: note: expected 'int' but argument is of type 'char *'
   77 | void GenerateRamp(int *ramp, int samples, int maximum, int delay);
      |                                                        ~~~~^~~~~
../Core/Src/main.c:551:40: warning: comparison between pointer and integer
  551 |    else if (configurationParameters[4] == 'S'){
      |                                        ^~
../Core/Src/main.c:552:57: warning: passing argument 2 of 'GenerateSquare' makes integer from pointer without a cast [-Wint-conversion]
  552 |     GenerateSquare(yellow.shape, configurationParameters[1], (65535/512), configurationParameters[2]);
      |                                  ~~~~~~~~~~~~~~~~~~~~~~~^~~
      |                                                         |
      |                                                         char *
../Core/Src/main.c:79:38: note: expected 'int' but argument is of type 'char *'
   79 | void GenerateSquare(int *square, int samples, int maximum, int delay);
      |                                  ~~~~^~~~~~~
../Core/Src/main.c:552:98: warning: passing argument 4 of 'GenerateSquare' makes integer from pointer without a cast [-Wint-conversion]
  552 |     GenerateSquare(yellow.shape, configurationParameters[1], (65535/512), configurationParameters[2]);
      |                                                                           ~~~~~~~~~~~~~~~~~~~~~~~^~~
      |                                                                                                  |
      |                                                                                                  char *
../Core/Src/main.c:79:64: note: expected 'int' but argument is of type 'char *'
   79 | void GenerateSquare(int *square, int samples, int maximum, int delay);
      |                                                            ~~~~^~~~~
../Core/Src/main.c:556:39: warning: comparison between pointer and integer
  556 |   else if (configurationParameters[0] == 'O'){
      |                                       ^~
../Core/Src/main.c:560:35: warning: comparison between pointer and integer
  560 |    if (configurationParameters[4] == 'C'){
      |                                   ^~
../Core/Src/main.c:561:58: warning: passing argument 2 of 'GenerateCossine' makes integer from pointer without a cast [-Wint-conversion]
  561 |     GenerateCossine(orange.shape, configurationParameters[1], (65535/512), configurationParameters[2]);
      |                                   ~~~~~~~~~~~~~~~~~~~~~~~^~~
      |                                                          |
      |                                                          char *
../Core/Src/main.c:78:39: note: expected 'int' but argument is of type 'char *'
   78 | void GenerateCossine(int *senoid, int samples, int maximum, int delay);
      |                                   ~~~~^~~~~~~
../Core/Src/main.c:561:99: warning: passing argument 4 of 'GenerateCossine' makes integer from pointer without a cast [-Wint-conversion]
  561 |     GenerateCossine(orange.shape, configurationParameters[1], (65535/512), configurationParameters[2]);
      |                                                                            ~~~~~~~~~~~~~~~~~~~~~~~^~~
      |                                                                                                   |
      |                                                                                                   char *
../Core/Src/main.c:78:65: note: expected 'int' but argument is of type 'char *'
   78 | void GenerateCossine(int *senoid, int samples, int maximum, int delay);
      |                                                             ~~~~^~~~~
../Core/Src/main.c:563:40: warning: comparison between pointer and integer
  563 |    else if (configurationParameters[4] == 'P'){
      |                                        ^~
../Core/Src/main.c:564:59: warning: passing argument 2 of 'GenerateParabola' makes integer from pointer without a cast [-Wint-conversion]
  564 |     GenerateParabola(orange.shape, configurationParameters[1], (65535/512), configurationParameters[2]);
      |                                    ~~~~~~~~~~~~~~~~~~~~~~~^~~
      |                                                           |
      |                                                           char *
../Core/Src/main.c:80:40: note: expected 'int' but argument is of type 'char *'
   80 | void GenerateParabola(int *square, int samples, int maximum, int delay);
      |                                    ~~~~^~~~~~~
../Core/Src/main.c:564:100: warning: passing argument 4 of 'GenerateParabola' makes integer from pointer without a cast [-Wint-conversion]
  564 |     GenerateParabola(orange.shape, configurationParameters[1], (65535/512), configurationParameters[2]);
      |                                                                             ~~~~~~~~~~~~~~~~~~~~~~~^~~
      |                                                                                                    |
      |                                                                                                    char *
../Core/Src/main.c:80:66: note: expected 'int' but argument is of type 'char *'
   80 | void GenerateParabola(int *square, int samples, int maximum, int delay);
      |                                                              ~~~~^~~~~
../Core/Src/main.c:566:40: warning: comparison between pointer and integer
  566 |    else if (configurationParameters[4] == 'R'){
      |                                        ^~
../Core/Src/main.c:567:55: warning: passing argument 2 of 'GenerateRamp' makes integer from pointer without a cast [-Wint-conversion]
  567 |     GenerateRamp(orange.shape, configurationParameters[1], (65535/512), configurationParameters[2]);
      |                                ~~~~~~~~~~~~~~~~~~~~~~~^~~
      |                                                       |
      |                                                       char *
../Core/Src/main.c:77:34: note: expected 'int' but argument is of type 'char *'
   77 | void GenerateRamp(int *ramp, int samples, int maximum, int delay);
      |                              ~~~~^~~~~~~
../Core/Src/main.c:567:96: warning: passing argument 4 of 'GenerateRamp' makes integer from pointer without a cast [-Wint-conversion]
  567 |     GenerateRamp(orange.shape, configurationParameters[1], (65535/512), configurationParameters[2]);
      |                                                                         ~~~~~~~~~~~~~~~~~~~~~~~^~~
      |                                                                                                |
      |                                                                                                char *
../Core/Src/main.c:77:60: note: expected 'int' but argument is of type 'char *'
   77 | void GenerateRamp(int *ramp, int samples, int maximum, int delay);
      |                                                        ~~~~^~~~~
../Core/Src/main.c:569:40: warning: comparison between pointer and integer
  569 |    else if (configurationParameters[4] == 'S'){
      |                                        ^~
../Core/Src/main.c:570:57: warning: passing argument 2 of 'GenerateSquare' makes integer from pointer without a cast [-Wint-conversion]
  570 |     GenerateSquare(orange.shape, configurationParameters[1], (65535/512), configurationParameters[2]);
      |                                  ~~~~~~~~~~~~~~~~~~~~~~~^~~
      |                                                         |
      |                                                         char *
../Core/Src/main.c:79:38: note: expected 'int' but argument is of type 'char *'
   79 | void GenerateSquare(int *square, int samples, int maximum, int delay);
      |                                  ~~~~^~~~~~~
../Core/Src/main.c:570:98: warning: passing argument 4 of 'GenerateSquare' makes integer from pointer without a cast [-Wint-conversion]
  570 |     GenerateSquare(orange.shape, configurationParameters[1], (65535/512), configurationParameters[2]);
      |                                                                           ~~~~~~~~~~~~~~~~~~~~~~~^~~
      |                                                                                                  |
      |                                                                                                  char *
../Core/Src/main.c:79:64: note: expected 'int' but argument is of type 'char *'
   79 | void GenerateSquare(int *square, int samples, int maximum, int delay);
      |                                                            ~~~~^~~~~
../Core/Src/main.c:574:39: warning: comparison between pointer and integer
  574 |   else if (configurationParameters[0] == 'R'){
      |                                       ^~
../Core/Src/main.c:578:35: warning: comparison between pointer and integer
  578 |    if (configurationParameters[4] == 'C'){
      |                                   ^~
../Core/Src/main.c:579:55: warning: passing argument 2 of 'GenerateCossine' makes integer from pointer without a cast [-Wint-conversion]
  579 |     GenerateCossine(red.shape, configurationParameters[1], (65535/512), configurationParameters[2]);
      |                                ~~~~~~~~~~~~~~~~~~~~~~~^~~
      |                                                       |
      |                                                       char *
../Core/Src/main.c:78:39: note: expected 'int' but argument is of type 'char *'
   78 | void GenerateCossine(int *senoid, int samples, int maximum, int delay);
      |                                   ~~~~^~~~~~~
../Core/Src/main.c:579:96: warning: passing argument 4 of 'GenerateCossine' makes integer from pointer without a cast [-Wint-conversion]
  579 |     GenerateCossine(red.shape, configurationParameters[1], (65535/512), configurationParameters[2]);
      |                                                                         ~~~~~~~~~~~~~~~~~~~~~~~^~~
      |                                                                                                |
      |                                                                                                char *
../Core/Src/main.c:78:65: note: expected 'int' but argument is of type 'char *'
   78 | void GenerateCossine(int *senoid, int samples, int maximum, int delay);
      |                                                             ~~~~^~~~~
../Core/Src/main.c:581:40: warning: comparison between pointer and integer
  581 |    else if (configurationParameters[4] == 'P'){
      |                                        ^~
../Core/Src/main.c:582:56: warning: passing argument 2 of 'GenerateParabola' makes integer from pointer without a cast [-Wint-conversion]
  582 |     GenerateParabola(red.shape, configurationParameters[1], (65535/512), configurationParameters[2]);
      |                                 ~~~~~~~~~~~~~~~~~~~~~~~^~~
      |                                                        |
      |                                                        char *
../Core/Src/main.c:80:40: note: expected 'int' but argument is of type 'char *'
   80 | void GenerateParabola(int *square, int samples, int maximum, int delay);
      |                                    ~~~~^~~~~~~
../Core/Src/main.c:582:97: warning: passing argument 4 of 'GenerateParabola' makes integer from pointer without a cast [-Wint-conversion]
  582 |     GenerateParabola(red.shape, configurationParameters[1], (65535/512), configurationParameters[2]);
      |                                                                          ~~~~~~~~~~~~~~~~~~~~~~~^~~
      |                                                                                                 |
      |                                                                                                 char *
../Core/Src/main.c:80:66: note: expected 'int' but argument is of type 'char *'
   80 | void GenerateParabola(int *square, int samples, int maximum, int delay);
      |                                                              ~~~~^~~~~
../Core/Src/main.c:584:40: warning: comparison between pointer and integer
  584 |    else if (configurationParameters[4] == 'R'){
      |                                        ^~
../Core/Src/main.c:585:52: warning: passing argument 2 of 'GenerateRamp' makes integer from pointer without a cast [-Wint-conversion]
  585 |     GenerateRamp(red.shape, configurationParameters[1], (65535/512), configurationParameters[2]);
      |                             ~~~~~~~~~~~~~~~~~~~~~~~^~~
      |                                                    |
      |                                                    char *
../Core/Src/main.c:77:34: note: expected 'int' but argument is of type 'char *'
   77 | void GenerateRamp(int *ramp, int samples, int maximum, int delay);
      |                              ~~~~^~~~~~~
../Core/Src/main.c:585:93: warning: passing argument 4 of 'GenerateRamp' makes integer from pointer without a cast [-Wint-conversion]
  585 |     GenerateRamp(red.shape, configurationParameters[1], (65535/512), configurationParameters[2]);
      |                                                                      ~~~~~~~~~~~~~~~~~~~~~~~^~~
      |                                                                                             |
      |                                                                                             char *
../Core/Src/main.c:77:60: note: expected 'int' but argument is of type 'char *'
   77 | void GenerateRamp(int *ramp, int samples, int maximum, int delay);
      |                                                        ~~~~^~~~~
../Core/Src/main.c:587:40: warning: comparison between pointer and integer
  587 |    else if (configurationParameters[4] == 'S'){
      |                                        ^~
../Core/Src/main.c:588:54: warning: passing argument 2 of 'GenerateSquare' makes integer from pointer without a cast [-Wint-conversion]
  588 |     GenerateSquare(red.shape, configurationParameters[1], (65535/512), configurationParameters[2]);
      |                               ~~~~~~~~~~~~~~~~~~~~~~~^~~
      |                                                      |
      |                                                      char *
../Core/Src/main.c:79:38: note: expected 'int' but argument is of type 'char *'
   79 | void GenerateSquare(int *square, int samples, int maximum, int delay);
      |                                  ~~~~^~~~~~~
../Core/Src/main.c:588:95: warning: passing argument 4 of 'GenerateSquare' makes integer from pointer without a cast [-Wint-conversion]
  588 |     GenerateSquare(red.shape, configurationParameters[1], (65535/512), configurationParameters[2]);
      |                                                                        ~~~~~~~~~~~~~~~~~~~~~~~^~~
      |                                                                                               |
      |                                                                                               char *
../Core/Src/main.c:79:64: note: expected 'int' but argument is of type 'char *'
   79 | void GenerateSquare(int *square, int samples, int maximum, int delay);
      |                                                            ~~~~^~~~~
../Core/Src/main.c:592:39: warning: comparison between pointer and integer
  592 |   else if (configurationParameters[0] == 'B'){
      |                                       ^~
../Core/Src/main.c:596:35: warning: comparison between pointer and integer
  596 |    if (configurationParameters[4] == 'C'){
      |                                   ^~
../Core/Src/main.c:597:56: warning: passing argument 2 of 'GenerateCossine' makes integer from pointer without a cast [-Wint-conversion]
  597 |     GenerateCossine(blue.shape, configurationParameters[1], (65535/512), configurationParameters[2]);
      |                                 ~~~~~~~~~~~~~~~~~~~~~~~^~~
      |                                                        |
      |                                                        char *
../Core/Src/main.c:78:39: note: expected 'int' but argument is of type 'char *'
   78 | void GenerateCossine(int *senoid, int samples, int maximum, int delay);
      |                                   ~~~~^~~~~~~
../Core/Src/main.c:597:97: warning: passing argument 4 of 'GenerateCossine' makes integer from pointer without a cast [-Wint-conversion]
  597 |     GenerateCossine(blue.shape, configurationParameters[1], (65535/512), configurationParameters[2]);
      |                                                                          ~~~~~~~~~~~~~~~~~~~~~~~^~~
      |                                                                                                 |
      |                                                                                                 char *
../Core/Src/main.c:78:65: note: expected 'int' but argument is of type 'char *'
   78 | void GenerateCossine(int *senoid, int samples, int maximum, int delay);
      |                                                             ~~~~^~~~~
../Core/Src/main.c:599:40: warning: comparison between pointer and integer
  599 |    else if (configurationParameters[4] == 'P'){
      |                                        ^~
../Core/Src/main.c:600:57: warning: passing argument 2 of 'GenerateParabola' makes integer from pointer without a cast [-Wint-conversion]
  600 |     GenerateParabola(blue.shape, configurationParameters[1], (65535/512), configurationParameters[2]);
      |                                  ~~~~~~~~~~~~~~~~~~~~~~~^~~
      |                                                         |
      |                                                         char *
../Core/Src/main.c:80:40: note: expected 'int' but argument is of type 'char *'
   80 | void GenerateParabola(int *square, int samples, int maximum, int delay);
      |                                    ~~~~^~~~~~~
../Core/Src/main.c:600:98: warning: passing argument 4 of 'GenerateParabola' makes integer from pointer without a cast [-Wint-conversion]
  600 |     GenerateParabola(blue.shape, configurationParameters[1], (65535/512), configurationParameters[2]);
      |                                                                           ~~~~~~~~~~~~~~~~~~~~~~~^~~
      |                                                                                                  |
      |                                                                                                  char *
../Core/Src/main.c:80:66: note: expected 'int' but argument is of type 'char *'
   80 | void GenerateParabola(int *square, int samples, int maximum, int delay);
      |                                                              ~~~~^~~~~
../Core/Src/main.c:602:40: warning: comparison between pointer and integer
  602 |    else if (configurationParameters[4] == 'R'){
      |                                        ^~
../Core/Src/main.c:603:53: warning: passing argument 2 of 'GenerateRamp' makes integer from pointer without a cast [-Wint-conversion]
  603 |     GenerateRamp(blue.shape, configurationParameters[1], (65535/512), configurationParameters[2]);
      |                              ~~~~~~~~~~~~~~~~~~~~~~~^~~
      |                                                     |
      |                                                     char *
../Core/Src/main.c:77:34: note: expected 'int' but argument is of type 'char *'
   77 | void GenerateRamp(int *ramp, int samples, int maximum, int delay);
      |                              ~~~~^~~~~~~
../Core/Src/main.c:603:94: warning: passing argument 4 of 'GenerateRamp' makes integer from pointer without a cast [-Wint-conversion]
  603 |     GenerateRamp(blue.shape, configurationParameters[1], (65535/512), configurationParameters[2]);
      |                                                                       ~~~~~~~~~~~~~~~~~~~~~~~^~~
      |                                                                                              |
      |                                                                                              char *
../Core/Src/main.c:77:60: note: expected 'int' but argument is of type 'char *'
   77 | void GenerateRamp(int *ramp, int samples, int maximum, int delay);
      |                                                        ~~~~^~~~~
../Core/Src/main.c:605:40: warning: comparison between pointer and integer
  605 |    else if (configurationParameters[4] == 'S'){
      |                                        ^~
../Core/Src/main.c:606:55: warning: passing argument 2 of 'GenerateSquare' makes integer from pointer without a cast [-Wint-conversion]
  606 |     GenerateSquare(blue.shape, configurationParameters[1], (65535/512), configurationParameters[2]);
      |                                ~~~~~~~~~~~~~~~~~~~~~~~^~~
      |                                                       |
      |                                                       char *
../Core/Src/main.c:79:38: note: expected 'int' but argument is of type 'char *'
   79 | void GenerateSquare(int *square, int samples, int maximum, int delay);
      |                                  ~~~~^~~~~~~
../Core/Src/main.c:606:96: warning: passing argument 4 of 'GenerateSquare' makes integer from pointer without a cast [-Wint-conversion]
  606 |     GenerateSquare(blue.shape, configurationParameters[1], (65535/512), configurationParameters[2]);
      |                                                                         ~~~~~~~~~~~~~~~~~~~~~~~^~~
      |                                                                                                |
      |                                                                                                char *
../Core/Src/main.c:79:64: note: expected 'int' but argument is of type 'char *'
   79 | void GenerateSquare(int *square, int samples, int maximum, int delay);
      |                                                            ~~~~^~~~~
make: *** [Core/Src/subdir.mk:34: Core/Src/main.o] Error 1
"make -j8 all" terminated with exit code 2. Build might be incomplete.
12:19:18 **** Incremental Build of configuration Debug for project STM32Bulb ****
make -j8 all 
arm-none-eabi-gcc "../Core/Src/main.c" -mcpu=cortex-m4 -std=gnu11 -g3 -DDEBUG -DUSE_HAL_DRIVER -DSTM32F407xx -c -I../USB_HOST/App -I../USB_HOST/Target -I../Core/Inc -I../Drivers/STM32F4xx_HAL_Driver/Inc -I../Drivers/STM32F4xx_HAL_Driver/Inc/Legacy -I../Middlewares/ST/STM32_USB_Host_Library/Core/Inc -I../Middlewares/ST/STM32_USB_Host_Library/Class/CDC/Inc -I../Drivers/CMSIS/Device/ST/STM32F4xx/Include -I../Drivers/CMSIS/Include -O0 -ffunction-sections -fdata-sections -Wall -fstack-usage -MMD -MP -MF"Core/Src/main.d" -MT"Core/Src/main.o" --specs=nano.specs -mfpu=fpv4-sp-d16 -mfloat-abi=hard -mthumb -o "Core/Src/main.o"
../Core/Src/main.c:512:65: warning: 'struct LEDBehavior' declared inside parameter list will not be visible outside of this definition or declaration
  512 | void DeserializeConfiguration(char *configurationString, struct LEDBehavior yellow, struct LEDBehavior orange, struct LEDBehavior red, struct LEDBehavior blue){
      |                                                                 ^~~~~~~~~~~
../Core/Src/main.c:512:77: error: parameter 2 ('yellow') has incomplete type
  512 | void DeserializeConfiguration(char *configurationString, struct LEDBehavior yellow, struct LEDBehavior orange, struct LEDBehavior red, struct LEDBehavior blue){
      |                                                          ~~~~~~~~~~~~~~~~~~~^~~~~~
../Core/Src/main.c:512:104: error: parameter 3 ('orange') has incomplete type
  512 | void DeserializeConfiguration(char *configurationString, struct LEDBehavior yellow, struct LEDBehavior orange, struct LEDBehavior red, struct LEDBehavior blue){
      |                                                                                     ~~~~~~~~~~~~~~~~~~~^~~~~~
../Core/Src/main.c:512:131: error: parameter 4 ('red') has incomplete type
  512 | void DeserializeConfiguration(char *configurationString, struct LEDBehavior yellow, struct LEDBehavior orange, struct LEDBehavior red, struct LEDBehavior blue){
      |                                                                                                                ~~~~~~~~~~~~~~~~~~~^~~
../Core/Src/main.c:512:155: error: parameter 5 ('blue') has incomplete type
  512 | void DeserializeConfiguration(char *configurationString, struct LEDBehavior yellow, struct LEDBehavior orange, struct LEDBehavior red, struct LEDBehavior blue){
      |                                                                                                                                        ~~~~~~~~~~~~~~~~~~~^~~~
../Core/Src/main.c: In function 'DeserializeConfiguration':
../Core/Src/main.c:534:34: warning: comparison between pointer and integer
  534 |   if (configurationParameters[0] == 'Y'){
      |                                  ^~
../Core/Src/main.c:538:35: warning: comparison between pointer and integer
  538 |    if (configurationParameters[4] == 'C'){
      |                                   ^~
../Core/Src/main.c:539:58: warning: passing argument 2 of 'GenerateCossine' makes integer from pointer without a cast [-Wint-conversion]
  539 |     GenerateCossine(yellow.shape, configurationParameters[1], (65535/512), configurationParameters[2]);
      |                                   ~~~~~~~~~~~~~~~~~~~~~~~^~~
      |                                                          |
      |                                                          char *
../Core/Src/main.c:78:39: note: expected 'int' but argument is of type 'char *'
   78 | void GenerateCossine(int *senoid, int samples, int maximum, int delay);
      |                                   ~~~~^~~~~~~
../Core/Src/main.c:539:99: warning: passing argument 4 of 'GenerateCossine' makes integer from pointer without a cast [-Wint-conversion]
  539 |     GenerateCossine(yellow.shape, configurationParameters[1], (65535/512), configurationParameters[2]);
      |                                                                            ~~~~~~~~~~~~~~~~~~~~~~~^~~
      |                                                                                                   |
      |                                                                                                   char *
../Core/Src/main.c:78:65: note: expected 'int' but argument is of type 'char *'
   78 | void GenerateCossine(int *senoid, int samples, int maximum, int delay);
      |                                                             ~~~~^~~~~
../Core/Src/main.c:541:40: warning: comparison between pointer and integer
  541 |    else if (configurationParameters[4] == 'P'){
      |                                        ^~
../Core/Src/main.c:542:59: warning: passing argument 2 of 'GenerateParabola' makes integer from pointer without a cast [-Wint-conversion]
  542 |     GenerateParabola(yellow.shape, configurationParameters[1], (65535/512), configurationParameters[2]);
      |                                    ~~~~~~~~~~~~~~~~~~~~~~~^~~
      |                                                           |
      |                                                           char *
../Core/Src/main.c:80:40: note: expected 'int' but argument is of type 'char *'
   80 | void GenerateParabola(int *square, int samples, int maximum, int delay);
      |                                    ~~~~^~~~~~~
../Core/Src/main.c:542:100: warning: passing argument 4 of 'GenerateParabola' makes integer from pointer without a cast [-Wint-conversion]
  542 |     GenerateParabola(yellow.shape, configurationParameters[1], (65535/512), configurationParameters[2]);
      |                                                                             ~~~~~~~~~~~~~~~~~~~~~~~^~~
      |                                                                                                    |
      |                                                                                                    char *
../Core/Src/main.c:80:66: note: expected 'int' but argument is of type 'char *'
   80 | void GenerateParabola(int *square, int samples, int maximum, int delay);
      |                                                              ~~~~^~~~~
../Core/Src/main.c:544:40: warning: comparison between pointer and integer
  544 |    else if (configurationParameters[4] == 'R'){
      |                                        ^~
../Core/Src/main.c:545:55: warning: passing argument 2 of 'GenerateRamp' makes integer from pointer without a cast [-Wint-conversion]
  545 |     GenerateRamp(yellow.shape, configurationParameters[1], (65535/512), configurationParameters[2]);
      |                                ~~~~~~~~~~~~~~~~~~~~~~~^~~
      |                                                       |
      |                                                       char *
../Core/Src/main.c:77:34: note: expected 'int' but argument is of type 'char *'
   77 | void GenerateRamp(int *ramp, int samples, int maximum, int delay);
      |                              ~~~~^~~~~~~
../Core/Src/main.c:545:96: warning: passing argument 4 of 'GenerateRamp' makes integer from pointer without a cast [-Wint-conversion]
  545 |     GenerateRamp(yellow.shape, configurationParameters[1], (65535/512), configurationParameters[2]);
      |                                                                         ~~~~~~~~~~~~~~~~~~~~~~~^~~
      |                                                                                                |
      |                                                                                                char *
../Core/Src/main.c:77:60: note: expected 'int' but argument is of type 'char *'
   77 | void GenerateRamp(int *ramp, int samples, int maximum, int delay);
      |                                                        ~~~~^~~~~
../Core/Src/main.c:547:40: warning: comparison between pointer and integer
[...]
  620 |    else if (configurationParameters[3] == 'L'){
      |                                        ^~
../Core/Src/main.c:623:40: warning: comparison between pointer and integer
  623 |    else if (configurationParameters[3] == 'P'){
      |                                        ^~
../Core/Src/main.c:626:40: warning: comparison between pointer and integer
  626 |    else if (configurationParameters[3] == 'R'){
      |                                        ^~
../Core/Src/main.c:629:40: warning: comparison between pointer and integer
  629 |    else if (configurationParameters[3] == 'S'){
      |                                        ^~
arm-none-eabi-gcc -o "STM32Bulb.elf" @"objects.list"   -mcpu=cortex-m4 -T"C:\Users\gabri\OneDrive\Documentos\GitHub\DispositivoIOTSTM32ESP32\STM32Bulb\STM32F407VGTX_FLASH.ld" --specs=nosys.specs -Wl,-Map="STM32Bulb.map" -Wl,--gc-sections -static --specs=nano.specs -mfpu=fpv4-sp-d16 -mfloat-abi=hard -mthumb -Wl,--start-group -lc -lm -Wl,--end-group
Finished building target: STM32Bulb.elf
 
arm-none-eabi-objdump -h -S  STM32Bulb.elf  > "STM32Bulb.list"
arm-none-eabi-objcopy  -O binary  STM32Bulb.elf  "STM32Bulb.bin"
arm-none-eabi-size   STM32Bulb.elf 
   text	   data	    bss	    dec	    hex	filename
  51532	    156	   3676	  55364	   d844	STM32Bulb.elf
Finished building: default.size.stdout
 
Finished building: STM32Bulb.bin
 
Finished building: STM32Bulb.list
 
21:31:48 **** Incremental Build of configuration Debug for project STM32Bulb ****
make -j8 all 
arm-none-eabi-gcc "../Core/Src/main.c" -mcpu=cortex-m4 -std=gnu11 -g3 -DDEBUG -DUSE_HAL_DRIVER -DSTM32F407xx -c -I../USB_HOST/App -I../USB_HOST/Target -I../Core/Inc -I../Drivers/STM32F4xx_HAL_Driver/Inc -I../Drivers/STM32F4xx_HAL_Driver/Inc/Legacy -I../Middlewares/ST/STM32_USB_Host_Library/Core/Inc -I../Middlewares/ST/STM32_USB_Host_Library/Class/CDC/Inc -I../Drivers/CMSIS/Device/ST/STM32F4xx/Include -I../Drivers/CMSIS/Include -O0 -ffunction-sections -fdata-sections -Wall -fstack-usage -MMD -MP -MF"Core/Src/main.d" -MT"Core/Src/main.o" --specs=nano.specs -mfpu=fpv4-sp-d16 -mfloat-abi=hard -mthumb -o "Core/Src/main.o"
arm-none-eabi-gcc -o "STM32Bulb.elf" @"objects.list"   -mcpu=cortex-m4 -T"C:\Users\gabri\OneDrive\Documentos\GitHub\DispositivoIOTSTM32ESP32\STM32Bulb\STM32F407VGTX_FLASH.ld" --specs=nosys.specs -Wl,-Map="STM32Bulb.map" -Wl,--gc-sections -static --specs=nano.specs -mfpu=fpv4-sp-d16 -mfloat-abi=hard -mthumb -Wl,--start-group -lc -lm -Wl,--end-group
Finished building target: STM32Bulb.elf
 
arm-none-eabi-objdump -h -S  STM32Bulb.elf  > "STM32Bulb.list"
arm-none-eabi-objcopy  -O binary  STM32Bulb.elf  "STM32Bulb.bin"
arm-none-eabi-size   STM32Bulb.elf 
   text	   data	    bss	    dec	    hex	filename
  51580	    156	   3676	  55412	   d874	STM32Bulb.elf
Finished building: default.size.stdout
 
Finished building: STM32Bulb.bin
 
Finished building: STM32Bulb.list
 
21:33:58 **** Incremental Build of configuration Debug for project STM32Bulb ****
make -j8 all 
arm-none-eabi-gcc "../Core/Src/main.c" -mcpu=cortex-m4 -std=gnu11 -g3 -DDEBUG -DUSE_HAL_DRIVER -DSTM32F407xx -c -I../USB_HOST/App -I../USB_HOST/Target -I../Core/Inc -I../Drivers/STM32F4xx_HAL_Driver/Inc -I../Drivers/STM32F4xx_HAL_Driver/Inc/Legacy -I../Middlewares/ST/STM32_USB_Host_Library/Core/Inc -I../Middlewares/ST/STM32_USB_Host_Library/Class/CDC/Inc -I../Drivers/CMSIS/Device/ST/STM32F4xx/Include -I../Drivers/CMSIS/Include -O0 -ffunction-sections -fdata-sections -Wall -fstack-usage -MMD -MP -MF"Core/Src/main.d" -MT"Core/Src/main.o" --specs=nano.specs -mfpu=fpv4-sp-d16 -mfloat-abi=hard -mthumb -o "Core/Src/main.o"
arm-none-eabi-gcc -o "STM32Bulb.elf" @"objects.list"   -mcpu=cortex-m4 -T"C:\Users\gabri\OneDrive\Documentos\GitHub\DispositivoIOTSTM32ESP32\STM32Bulb\STM32F407VGTX_FLASH.ld" --specs=nosys.specs -Wl,-Map="STM32Bulb.map" -Wl,--gc-sections -static --specs=nano.specs -mfpu=fpv4-sp-d16 -mfloat-abi=hard -mthumb -Wl,--start-group -lc -lm -Wl,--end-group
Finished building target: STM32Bulb.elf
 
arm-none-eabi-objdump -h -S  STM32Bulb.elf  > "STM32Bulb.list"
arm-none-eabi-objcopy  -O binary  STM32Bulb.elf  "STM32Bulb.bin"
arm-none-eabi-size   STM32Bulb.elf 
   text	   data	    bss	    dec	    hex	filename
  51564	    156	   3676	  55396	   d864	STM32Bulb.elf
Finished building: default.size.stdout
 
Finished building: STM32Bulb.bin
 
Finished building: STM32Bulb.list
 
21:36:10 **** Incremental Build of configuration Debug for project STM32Bulb ****
make -j8 all 
arm-none-eabi-gcc "../Core/Src/main.c" -mcpu=cortex-m4 -std=gnu11 -g3 -DDEBUG -DUSE_HAL_DRIVER -DSTM32F407xx -c -I../USB_HOST/App -I../USB_HOST/Target -I../Core/Inc -I../Drivers/STM32F4xx_HAL_Driver/Inc -I../Drivers/STM32F4xx_HAL_Driver/Inc/Legacy -I../Middlewares/ST/STM32_USB_Host_Library/Core/Inc -I../Middlewares/ST/STM32_USB_Host_Library/Class/CDC/Inc -I../Drivers/CMSIS/Device/ST/STM32F4xx/Include -I../Drivers/CMSIS/Include -O0 -ffunction-sections -fdata-sections -Wall -fstack-usage -MMD -MP -MF"Core/Src/main.d" -MT"Core/Src/main.o" --specs=nano.specs -mfpu=fpv4-sp-d16 -mfloat-abi=hard -mthumb -o "Core/Src/main.o"
../Core/Src/main.c: In function 'main':
../Core/Src/main.c:179:2: error: 'yellowPhase' undeclared (first use in this function)
  179 |  yellowPhase = floor(globalCounter%yellow->phase);
      |  ^~~~~~~~~~~
../Core/Src/main.c:179:2: note: each undeclared identifier is reported only once for each function it appears in
../Core/Src/main.c:179:42: error: invalid type argument of '->' (have 'LEDBehavior' {aka 'struct <anonymous>'})
  179 |  yellowPhase = floor(globalCounter%yellow->phase);
      |                                          ^~
../Core/Src/main.c:180:2: error: 'orangePhase' undeclared (first use in this function)
  180 |  orangePhase = floor(globalCounter%orange->phase);
      |  ^~~~~~~~~~~
../Core/Src/main.c:180:42: error: invalid type argument of '->' (have 'LEDBehavior' {aka 'struct <anonymous>'})
  180 |  orangePhase = floor(globalCounter%orange->phase);
      |                                          ^~
../Core/Src/main.c:181:2: error: 'redPhase' undeclared (first use in this function)
  181 |  redPhase = floor(globalCounter%red->phase);
      |  ^~~~~~~~
../Core/Src/main.c:181:36: error: invalid type argument of '->' (have 'LEDBehavior' {aka 'struct <anonymous>'})
  181 |  redPhase = floor(globalCounter%red->phase);
      |                                    ^~
../Core/Src/main.c:182:2: error: 'bluePhase' undeclared (first use in this function)
  182 |  bluePhase = floor(globalCounter%blue->phase);
      |  ^~~~~~~~~
../Core/Src/main.c:182:38: error: invalid type argument of '->' (have 'LEDBehavior' {aka 'struct <anonymous>'})
  182 |  bluePhase = floor(globalCounter%blue->phase);
      |                                      ^~
../Core/Src/main.c:184:21: error: invalid type argument of '->' (have 'LEDBehavior' {aka 'struct <anonymous>'})
  184 |  TIM4->CCR1 = yellow->shape[yellowPhase];
      |                     ^~
../Core/Src/main.c:185:21: error: invalid type argument of '->' (have 'LEDBehavior' {aka 'struct <anonymous>'})
  185 |  TIM4->CCR2 = orange->shape[orangePhase];
      |                     ^~
../Core/Src/main.c:186:18: error: invalid type argument of '->' (have 'LEDBehavior' {aka 'struct <anonymous>'})
  186 |  TIM4->CCR3 = red->shape[redPhase];
      |                  ^~
../Core/Src/main.c:187:19: error: invalid type argument of '->' (have 'LEDBehavior' {aka 'struct <anonymous>'})
  187 |  TIM4->CCR4 = blue->shape[bluePhase];
      |                   ^~
make: *** [Core/Src/subdir.mk:34: Core/Src/main.o] Error 1
"make -j8 all" terminated with exit code 2. Build might be incomplete.
21:37:10 **** Incremental Build of configuration Debug for project STM32Bulb ****
make -j8 all 
arm-none-eabi-gcc "../Core/Src/main.c" -mcpu=cortex-m4 -std=gnu11 -g3 -DDEBUG -DUSE_HAL_DRIVER -DSTM32F407xx -c -I../USB_HOST/App -I../USB_HOST/Target -I../Core/Inc -I../Drivers/STM32F4xx_HAL_Driver/Inc -I../Drivers/STM32F4xx_HAL_Driver/Inc/Legacy -I../Middlewares/ST/STM32_USB_Host_Library/Core/Inc -I../Middlewares/ST/STM32_USB_Host_Library/Class/CDC/Inc -I../Drivers/CMSIS/Device/ST/STM32F4xx/Include -I../Drivers/CMSIS/Include -O0 -ffunction-sections -fdata-sections -Wall -fstack-usage -MMD -MP -MF"Core/Src/main.d" -MT"Core/Src/main.o" --specs=nano.specs -mfpu=fpv4-sp-d16 -mfloat-abi=hard -mthumb -o "Core/Src/main.o"
../Core/Src/main.c: In function 'main':
../Core/Src/main.c:183:42: error: invalid type argument of '->' (have 'LEDBehavior' {aka 'struct <anonymous>'})
  183 |  yellowPhase = floor(globalCounter%yellow->phase);
      |                                          ^~
../Core/Src/main.c:184:42: error: invalid type argument of '->' (have 'LEDBehavior' {aka 'struct <anonymous>'})
  184 |  orangePhase = floor(globalCounter%orange->phase);
      |                                          ^~
../Core/Src/main.c:185:36: error: invalid type argument of '->' (have 'LEDBehavior' {aka 'struct <anonymous>'})
  185 |  redPhase = floor(globalCounter%red->phase);
      |                                    ^~
../Core/Src/main.c:186:38: error: invalid type argument of '->' (have 'LEDBehavior' {aka 'struct <anonymous>'})
  186 |  bluePhase = floor(globalCounter%blue->phase);
      |                                      ^~
../Core/Src/main.c:188:21: error: invalid type argument of '->' (have 'LEDBehavior' {aka 'struct <anonymous>'})
  188 |  TIM4->CCR1 = yellow->shape[yellowPhase];
      |                     ^~
../Core/Src/main.c:189:21: error: invalid type argument of '->' (have 'LEDBehavior' {aka 'struct <anonymous>'})
  189 |  TIM4->CCR2 = orange->shape[orangePhase];
      |                     ^~
../Core/Src/main.c:190:18: error: invalid type argument of '->' (have 'LEDBehavior' {aka 'struct <anonymous>'})
  190 |  TIM4->CCR3 = red->shape[redPhase];
      |                  ^~
../Core/Src/main.c:191:19: error: invalid type argument of '->' (have 'LEDBehavior' {aka 'struct <anonymous>'})
  191 |  TIM4->CCR4 = blue->shape[bluePhase];
      |                   ^~
../Core/Src/main.c:178:7: warning: variable 'bluePhase' set but not used [-Wunused-but-set-variable]
  178 |   int bluePhase;
      |       ^~~~~~~~~
../Core/Src/main.c:177:7: warning: variable 'redPhase' set but not used [-Wunused-but-set-variable]
  177 |   int redPhase;
      |       ^~~~~~~~
../Core/Src/main.c:176:7: warning: variable 'orangePhase' set but not used [-Wunused-but-set-variable]
  176 |   int orangePhase;
      |       ^~~~~~~~~~~
../Core/Src/main.c:175:7: warning: variable 'yellowPhase' set but not used [-Wunused-but-set-variable]
  175 |   int yellowPhase;
      |       ^~~~~~~~~~~
make: *** [Core/Src/subdir.mk:34: Core/Src/main.o] Error 1
"make -j8 all" terminated with exit code 2. Build might be incomplete.
21:37:58 **** Incremental Build of configuration Debug for project STM32Bulb ****
make -j8 all 
arm-none-eabi-gcc "../Core/Src/main.c" -mcpu=cortex-m4 -std=gnu11 -g3 -DDEBUG -DUSE_HAL_DRIVER -DSTM32F407xx -c -I../USB_HOST/App -I../USB_HOST/Target -I../Core/Inc -I../Drivers/STM32F4xx_HAL_Driver/Inc -I../Drivers/STM32F4xx_HAL_Driver/Inc/Legacy -I../Middlewares/ST/STM32_USB_Host_Library/Core/Inc -I../Middlewares/ST/STM32_USB_Host_Library/Class/CDC/Inc -I../Drivers/CMSIS/Device/ST/STM32F4xx/Include -I../Drivers/CMSIS/Include -O0 -ffunction-sections -fdata-sections -Wall -fstack-usage -MMD -MP -MF"Core/Src/main.d" -MT"Core/Src/main.o" --specs=nano.specs -mfpu=fpv4-sp-d16 -mfloat-abi=hard -mthumb -o "Core/Src/main.o"
arm-none-eabi-gcc -o "STM32Bulb.elf" @"objects.list"   -mcpu=cortex-m4 -T"C:\Users\gabri\OneDrive\Documentos\GitHub\DispositivoIOTSTM32ESP32\STM32Bulb\STM32F407VGTX_FLASH.ld" --specs=nosys.specs -Wl,-Map="STM32Bulb.map" -Wl,--gc-sections -static --specs=nano.specs -mfpu=fpv4-sp-d16 -mfloat-abi=hard -mthumb -Wl,--start-group -lc -lm -Wl,--end-group
Finished building target: STM32Bulb.elf
 
arm-none-eabi-objdump -h -S  STM32Bulb.elf  > "STM32Bulb.list"
arm-none-eabi-objcopy  -O binary  STM32Bulb.elf  "STM32Bulb.bin"
arm-none-eabi-size   STM32Bulb.elf 
   text	   data	    bss	    dec	    hex	filename
  51060	    156	   3676	  54892	   d66c	STM32Bulb.elf
Finished building: default.size.stdout
 
Finished building: STM32Bulb.bin
 
Finished building: STM32Bulb.list
 
21:41:26 **** Incremental Build of configuration Debug for project STM32Bulb ****
make -j8 all 
arm-none-eabi-gcc "../Core/Src/main.c" -mcpu=cortex-m4 -std=gnu11 -g3 -DDEBUG -DUSE_HAL_DRIVER -DSTM32F407xx -c -I../USB_HOST/App -I../USB_HOST/Target -I../Core/Inc -I../Drivers/STM32F4xx_HAL_Driver/Inc -I../Drivers/STM32F4xx_HAL_Driver/Inc/Legacy -I../Middlewares/ST/STM32_USB_Host_Library/Core/Inc -I../Middlewares/ST/STM32_USB_Host_Library/Class/CDC/Inc -I../Drivers/CMSIS/Device/ST/STM32F4xx/Include -I../Drivers/CMSIS/Include -O0 -ffunction-sections -fdata-sections -Wall -fstack-usage -MMD -MP -MF"Core/Src/main.d" -MT"Core/Src/main.o" --specs=nano.specs -mfpu=fpv4-sp-d16 -mfloat-abi=hard -mthumb -o "Core/Src/main.o"
arm-none-eabi-gcc -o "STM32Bulb.elf" @"objects.list"   -mcpu=cortex-m4 -T"C:\Users\gabri\OneDrive\Documentos\GitHub\DispositivoIOTSTM32ESP32\STM32Bulb\STM32F407VGTX_FLASH.ld" --specs=nosys.specs -Wl,-Map="STM32Bulb.map" -Wl,--gc-sections -static --specs=nano.specs -mfpu=fpv4-sp-d16 -mfloat-abi=hard -mthumb -Wl,--start-group -lc -lm -Wl,--end-group
Finished building target: STM32Bulb.elf
 
arm-none-eabi-objdump -h -S  STM32Bulb.elf  > "STM32Bulb.list"
arm-none-eabi-objcopy  -O binary  STM32Bulb.elf  "STM32Bulb.bin"
arm-none-eabi-size   STM32Bulb.elf 
   text	   data	    bss	    dec	    hex	filename
  51052	    156	   3676	  54884	   d664	STM32Bulb.elf
Finished building: default.size.stdout
 
Finished building: STM32Bulb.bin
 
Finished building: STM32Bulb.list
 
21:42:59 **** Incremental Build of configuration Debug for project STM32Bulb ****
make -j8 all 
arm-none-eabi-gcc "../Core/Src/main.c" -mcpu=cortex-m4 -std=gnu11 -g3 -DDEBUG -DUSE_HAL_DRIVER -DSTM32F407xx -c -I../USB_HOST/App -I../USB_HOST/Target -I../Core/Inc -I../Drivers/STM32F4xx_HAL_Driver/Inc -I../Drivers/STM32F4xx_HAL_Driver/Inc/Legacy -I../Middlewares/ST/STM32_USB_Host_Library/Core/Inc -I../Middlewares/ST/STM32_USB_Host_Library/Class/CDC/Inc -I../Drivers/CMSIS/Device/ST/STM32F4xx/Include -I../Drivers/CMSIS/Include -O0 -ffunction-sections -fdata-sections -Wall -fstack-usage -MMD -MP -MF"Core/Src/main.d" -MT"Core/Src/main.o" --specs=nano.specs -mfpu=fpv4-sp-d16 -mfloat-abi=hard -mthumb -o "Core/Src/main.o"
arm-none-eabi-gcc -o "STM32Bulb.elf" @"objects.list"   -mcpu=cortex-m4 -T"C:\Users\gabri\OneDrive\Documentos\GitHub\DispositivoIOTSTM32ESP32\STM32Bulb\STM32F407VGTX_FLASH.ld" --specs=nosys.specs -Wl,-Map="STM32Bulb.map" -Wl,--gc-sections -static --specs=nano.specs -mfpu=fpv4-sp-d16 -mfloat-abi=hard -mthumb -Wl,--start-group -lc -lm -Wl,--end-group
Finished building target: STM32Bulb.elf
 
arm-none-eabi-objdump -h -S  STM32Bulb.elf  > "STM32Bulb.list"
arm-none-eabi-objcopy  -O binary  STM32Bulb.elf  "STM32Bulb.bin"
arm-none-eabi-size   STM32Bulb.elf 
   text	   data	    bss	    dec	    hex	filename
  51052	    156	   3676	  54884	   d664	STM32Bulb.elf
Finished building: default.size.stdout
 
Finished building: STM32Bulb.bin
 
Finished building: STM32Bulb.list
 
21:44:52 **** Incremental Build of configuration Debug for project STM32Bulb ****
make -j8 all 
arm-none-eabi-size   STM32Bulb.elf 
   text	   data	    bss	    dec	    hex	filename
  51052	    156	   3676	  54884	   d664	STM32Bulb.elf
Finished building: default.size.stdout
 
21:46:43 **** Incremental Build of configuration Debug for project STM32Bulb ****
make -j8 all 
arm-none-eabi-size   STM32Bulb.elf 
   text	   data	    bss	    dec	    hex	filename
  51052	    156	   3676	  54884	   d664	STM32Bulb.elf
Finished building: default.size.stdout
 
21:48:06 **** Incremental Build of configuration Debug for project STM32Bulb ****
make -j8 all 
arm-none-eabi-size   STM32Bulb.elf 
   text	   data	    bss	    dec	    hex	filename
  51052	    156	   3676	  54884	   d664	STM32Bulb.elf
Finished building: default.size.stdout
 
21:50:14 **** Incremental Build of configuration Debug for project STM32Bulb ****
make -j8 all 
arm-none-eabi-size   STM32Bulb.elf 
   text	   data	    bss	    dec	    hex	filename
  51052	    156	   3676	  54884	   d664	STM32Bulb.elf
Finished building: default.size.stdout
 
21:50:46 **** Incremental Build of configuration Debug for project STM32Bulb ****
make -j8 all 
arm-none-eabi-size   STM32Bulb.elf 
   text	   data	    bss	    dec	    hex	filename
  51052	    156	   3676	  54884	   d664	STM32Bulb.elf
Finished building: default.size.stdout
 
21:53:41 **** Incremental Build of configuration Debug for project STM32Bulb ****
make -j8 all 
arm-none-eabi-size   STM32Bulb.elf 
   text	   data	    bss	    dec	    hex	filename
  51052	    156	   3676	  54884	   d664	STM32Bulb.elf
Finished building: default.size.stdout
 
21:55:04 **** Incremental Build of configuration Debug for project STM32Bulb ****
make -j8 all 
arm-none-eabi-gcc "../Core/Src/main.c" -mcpu=cortex-m4 -std=gnu11 -g3 -DDEBUG -DUSE_HAL_DRIVER -DSTM32F407xx -c -I../USB_HOST/App -I../USB_HOST/Target -I../Core/Inc -I../Drivers/STM32F4xx_HAL_Driver/Inc -I../Drivers/STM32F4xx_HAL_Driver/Inc/Legacy -I../Middlewares/ST/STM32_USB_Host_Library/Core/Inc -I../Middlewares/ST/STM32_USB_Host_Library/Class/CDC/Inc -I../Drivers/CMSIS/Device/ST/STM32F4xx/Include -I../Drivers/CMSIS/Include -O0 -ffunction-sections -fdata-sections -Wall -fstack-usage -MMD -MP -MF"Core/Src/main.d" -MT"Core/Src/main.o" --specs=nano.specs -mfpu=fpv4-sp-d16 -mfloat-abi=hard -mthumb -o "Core/Src/main.o"
arm-none-eabi-gcc -o "STM32Bulb.elf" @"objects.list"   -mcpu=cortex-m4 -T"C:\Users\gabri\OneDrive\Documentos\GitHub\DispositivoIOTSTM32ESP32\STM32Bulb\STM32F407VGTX_FLASH.ld" --specs=nosys.specs -Wl,-Map="STM32Bulb.map" -Wl,--gc-sections -static --specs=nano.specs -mfpu=fpv4-sp-d16 -mfloat-abi=hard -mthumb -Wl,--start-group -lc -lm -Wl,--end-group
Finished building target: STM32Bulb.elf
 
arm-none-eabi-objdump -h -S  STM32Bulb.elf  > "STM32Bulb.list"
arm-none-eabi-objcopy  -O binary  STM32Bulb.elf  "STM32Bulb.bin"
arm-none-eabi-size   STM32Bulb.elf 
   text	   data	    bss	    dec	    hex	filename
  51052	    156	   3676	  54884	   d664	STM32Bulb.elf
Finished building: default.size.stdout
 
Finished building: STM32Bulb.bin
 
Finished building: STM32Bulb.list
 
21:59:07 **** Incremental Build of configuration Debug for project STM32Bulb ****
make -j8 all 
arm-none-eabi-gcc "../Core/Src/main.c" -mcpu=cortex-m4 -std=gnu11 -g3 -DDEBUG -DUSE_HAL_DRIVER -DSTM32F407xx -c -I../USB_HOST/App -I../USB_HOST/Target -I../Core/Inc -I../Drivers/STM32F4xx_HAL_Driver/Inc -I../Drivers/STM32F4xx_HAL_Driver/Inc/Legacy -I../Middlewares/ST/STM32_USB_Host_Library/Core/Inc -I../Middlewares/ST/STM32_USB_Host_Library/Class/CDC/Inc -I../Drivers/CMSIS/Device/ST/STM32F4xx/Include -I../Drivers/CMSIS/Include -O0 -ffunction-sections -fdata-sections -Wall -fstack-usage -MMD -MP -MF"Core/Src/main.d" -MT"Core/Src/main.o" --specs=nano.specs -mfpu=fpv4-sp-d16 -mfloat-abi=hard -mthumb -o "Core/Src/main.o"
arm-none-eabi-gcc -o "STM32Bulb.elf" @"objects.list"   -mcpu=cortex-m4 -T"C:\Users\gabri\OneDrive\Documentos\GitHub\DispositivoIOTSTM32ESP32\STM32Bulb\STM32F407VGTX_FLASH.ld" --specs=nosys.specs -Wl,-Map="STM32Bulb.map" -Wl,--gc-sections -static --specs=nano.specs -mfpu=fpv4-sp-d16 -mfloat-abi=hard -mthumb -Wl,--start-group -lc -lm -Wl,--end-group
Finished building target: STM32Bulb.elf
 
arm-none-eabi-objdump -h -S  STM32Bulb.elf  > "STM32Bulb.list"
arm-none-eabi-objcopy  -O binary  STM32Bulb.elf  "STM32Bulb.bin"
arm-none-eabi-size   STM32Bulb.elf 
   text	   data	    bss	    dec	    hex	filename
  51052	    156	   3676	  54884	   d664	STM32Bulb.elf
Finished building: default.size.stdout
 
Finished building: STM32Bulb.bin
 
Finished building: STM32Bulb.list
 
