12:55:12 **** Incremental Build of configuration Debug for project STM32Bulb ****
make -j8 all 
arm-none-eabi-gcc "../Core/Src/main.c" -mcpu=cortex-m4 -std=gnu11 -g3 -DDEBUG -DUSE_HAL_DRIVER -DSTM32F407xx -c -I../USB_HOST/App -I../USB_HOST/Target -I../Core/Inc -I../Drivers/STM32F4xx_HAL_Driver/Inc -I../Drivers/STM32F4xx_HAL_Driver/Inc/Legacy -I../Middlewares/ST/STM32_USB_Host_Library/Core/Inc -I../Middlewares/ST/STM32_USB_Host_Library/Class/CDC/Inc -I../Drivers/CMSIS/Device/ST/STM32F4xx/Include -I../Drivers/CMSIS/Include -O0 -ffunction-sections -fdata-sections -Wall -fstack-usage -MMD -MP -MF"Core/Src/main.d" -MT"Core/Src/main.o" --specs=nano.specs -mfpu=fpv4-sp-d16 -mfloat-abi=hard -mthumb -o "Core/Src/main.o"
../Core/Src/main.c: In function 'DeserializeConfiguration':
../Core/Src/main.c:577:23: warning: pointer targets in passing argument 1 of 'strtok' differ in signedness [-Wpointer-sign]
  577 |  char* token = strtok(configurationString, "+");
      |                       ^~~~~~~~~~~~~~~~~~~
      |                       |
      |                       uint8_t * {aka unsigned char *}
In file included from ../Core/Src/main.c:27:
c:\st\stm32cubeide_1.4.0\stm32cubeide\plugins\com.st.stm32cube.ide.mcu.externaltools.gnu-tools-for-stm32.9-2020-q2-update.win32_1.5.0.202011040924\tools\arm-none-eabi\include\string.h:50:8: note: expected 'char * restrict' but argument is of type 'uint8_t *' {aka 'unsigned char *'}
   50 | char  *strtok (char *__restrict, const char *__restrict);
      |        ^~~~~~
arm-none-eabi-gcc -o "STM32Bulb.elf" @"objects.list"   -mcpu=cortex-m4 -T"C:\Users\gabri\OneDrive\Documentos\GitHub\DispositivoIOTSTM32ESP32\STM32Bulb\STM32F407VGTX_FLASH.ld" --specs=nosys.specs -Wl,-Map="STM32Bulb.map" -Wl,--gc-sections -static --specs=nano.specs -mfpu=fpv4-sp-d16 -mfloat-abi=hard -mthumb -Wl,--start-group -lc -lm -Wl,--end-group
Finished building target: STM32Bulb.elf
 
arm-none-eabi-objdump -h -S  STM32Bulb.elf  > "STM32Bulb.list"
arm-none-eabi-objcopy  -O binary  STM32Bulb.elf  "STM32Bulb.bin"
arm-none-eabi-size   STM32Bulb.elf 
   text	   data	    bss	    dec	    hex	filename
  59444	    260	  19876	  79580	  136dc	STM32Bulb.elf
Finished building: default.size.stdout
 
Finished building: STM32Bulb.bin
 
Finished building: STM32Bulb.list
 

12:55:15 Build Finished. 0 errors, 1 warnings. (took 3s.426ms)

