19:36:32 **** Incremental Build of configuration Debug for project STM32Bulb ****
make -j8 all 
arm-none-eabi-gcc "../Core/Src/main.c" -mcpu=cortex-m4 -std=gnu11 -g3 -DDEBUG -DUSE_HAL_DRIVER -DSTM32F407xx -c -I../USB_HOST/App -I../USB_HOST/Target -I../Core/Inc -I../Drivers/STM32F4xx_HAL_Driver/Inc -I../Drivers/STM32F4xx_HAL_Driver/Inc/Legacy -I../Middlewares/ST/STM32_USB_Host_Library/Core/Inc -I../Middlewares/ST/STM32_USB_Host_Library/Class/CDC/Inc -I../Drivers/CMSIS/Device/ST/STM32F4xx/Include -I../Drivers/CMSIS/Include -O0 -ffunction-sections -fdata-sections -Wall -fstack-usage -MMD -MP -MF"Core/Src/main.d" -MT"Core/Src/main.o" --specs=nano.specs -mfpu=fpv4-sp-d16 -mfloat-abi=hard -mthumb -o "Core/Src/main.o"
arm-none-eabi-gcc -o "STM32Bulb.elf" @"objects.list"   -mcpu=cortex-m4 -T"C:\Users\gabri\OneDrive\Documentos\GitHub\DispositivoIOTSTM32ESP32\STM32Bulb\STM32F407VGTX_FLASH.ld" --specs=nosys.specs -Wl,-Map="STM32Bulb.map" -Wl,--gc-sections -static --specs=nano.specs -mfpu=fpv4-sp-d16 -mfloat-abi=hard -mthumb -Wl,--start-group -lc -lm -Wl,--end-group
Finished building target: STM32Bulb.elf
 
arm-none-eabi-objdump -h -S  STM32Bulb.elf  > "STM32Bulb.list"
arm-none-eabi-objcopy  -O binary  STM32Bulb.elf  "STM32Bulb.bin"
arm-none-eabi-size   STM32Bulb.elf 
   text	   data	    bss	    dec	    hex	filename
  58756	    212	  19860	  78828	  133ec	STM32Bulb.elf
Finished building: default.size.stdout
 
Finished building: STM32Bulb.bin
 
Finished building: STM32Bulb.list
 

19:36:33 Build Finished. 0 errors, 0 warnings. (took 1s.647ms)

